Archive member included to satisfy reference by file (symbol)

/Users/stephenjohnson/Documents/DaisyExamples/libDaisy//build/libdaisy.a(daisy_seed.o)
                              build/alphabit.o (daisy::DaisySeed::StartAudio(void (*)(float const* const*, float**, unsigned int)))
/Users/stephenjohnson/Documents/DaisyExamples/libDaisy//build/libdaisy.a(codec_ak4556.o)
                              /Users/stephenjohnson/Documents/DaisyExamples/libDaisy//build/libdaisy.a(daisy_seed.o) (daisy::Ak4556::Init(dsy_gpio_pin))
/Users/stephenjohnson/Documents/DaisyExamples/libDaisy//build/libdaisy.a(codec_wm8731.o)
                              /Users/stephenjohnson/Documents/DaisyExamples/libDaisy//build/libdaisy.a(daisy_seed.o) (daisy::Wm8731::Init(daisy::Wm8731::Config const&, daisy::I2CHandle))
/Users/stephenjohnson/Documents/DaisyExamples/libDaisy//build/libdaisy.a(sdram.o)
                              /Users/stephenjohnson/Documents/DaisyExamples/libDaisy//build/libdaisy.a(daisy_seed.o) (SdramHandle::Init())
/Users/stephenjohnson/Documents/DaisyExamples/libDaisy//build/libdaisy.a(audio.o)
                              /Users/stephenjohnson/Documents/DaisyExamples/libDaisy//build/libdaisy.a(daisy_seed.o) (daisy::AudioHandle::Init(daisy::AudioHandle::Config const&, daisy::SaiHandle))
/Users/stephenjohnson/Documents/DaisyExamples/libDaisy//build/libdaisy.a(switch.o)
                              build/alphabit.o (daisy::Switch::Init(dsy_gpio_pin, float, daisy::Switch::Type, daisy::Switch::Polarity, daisy::Switch::Pull))
/Users/stephenjohnson/Documents/DaisyExamples/libDaisy//build/libdaisy.a(adc.o)
                              build/alphabit.o (daisy::AdcChannelConfig::InitSingle(dsy_gpio_pin))
/Users/stephenjohnson/Documents/DaisyExamples/libDaisy//build/libdaisy.a(gpio.o)
                              build/alphabit.o (daisy::GPIO::Init(daisy::Pin, daisy::GPIO::Mode, daisy::GPIO::Pull, daisy::GPIO::Speed))
/Users/stephenjohnson/Documents/DaisyExamples/libDaisy//build/libdaisy.a(i2c.o)
                              /Users/stephenjohnson/Documents/DaisyExamples/libDaisy//build/libdaisy.a(daisy_seed.o) (daisy::I2CHandle::Init(daisy::I2CHandle::Config const&))
/Users/stephenjohnson/Documents/DaisyExamples/libDaisy//build/libdaisy.a(qspi.o)
                              /Users/stephenjohnson/Documents/DaisyExamples/libDaisy//build/libdaisy.a(daisy_seed.o) (daisy::QSPIHandle::Init(daisy::QSPIHandle::Config const&))
/Users/stephenjohnson/Documents/DaisyExamples/libDaisy//build/libdaisy.a(sai.o)
                              /Users/stephenjohnson/Documents/DaisyExamples/libDaisy//build/libdaisy.a(daisy_seed.o) (daisy::SaiHandle::Init(daisy::SaiHandle::Config const&))
/Users/stephenjohnson/Documents/DaisyExamples/libDaisy//build/libdaisy.a(system.o)
                              /Users/stephenjohnson/Documents/DaisyExamples/libDaisy//build/libdaisy.a(daisy_seed.o) (daisy::System::DeInit())
/Users/stephenjohnson/Documents/DaisyExamples/libDaisy//build/libdaisy.a(system_stm32h7xx.o)
                              build/startup_stm32h750xx.o (SystemInit)
/Users/stephenjohnson/Documents/DaisyExamples/libDaisy//build/libdaisy.a(usbd_conf.o)
                              /Users/stephenjohnson/Documents/DaisyExamples/libDaisy//build/libdaisy.a(system.o) (hpcd_USB_OTG_HS)
/Users/stephenjohnson/Documents/DaisyExamples/libDaisy//build/libdaisy.a(usbh_conf.o)
                              /Users/stephenjohnson/Documents/DaisyExamples/libDaisy//build/libdaisy.a(system.o) (hhcd_USB_OTG_HS)
/Users/stephenjohnson/Documents/DaisyExamples/libDaisy//build/libdaisy.a(hal_map.o)
                              /Users/stephenjohnson/Documents/DaisyExamples/libDaisy//build/libdaisy.a(gpio.o) (dsy_hal_map_get_port)
/Users/stephenjohnson/Documents/DaisyExamples/libDaisy//build/libdaisy.a(stm32h7xx_hal.o)
                              /Users/stephenjohnson/Documents/DaisyExamples/libDaisy//build/libdaisy.a(system.o) (HAL_Init)
/Users/stephenjohnson/Documents/DaisyExamples/libDaisy//build/libdaisy.a(stm32h7xx_hal_adc.o)
                              /Users/stephenjohnson/Documents/DaisyExamples/libDaisy//build/libdaisy.a(adc.o) (HAL_ADC_ConfigChannel)
/Users/stephenjohnson/Documents/DaisyExamples/libDaisy//build/libdaisy.a(stm32h7xx_hal_adc_ex.o)
                              /Users/stephenjohnson/Documents/DaisyExamples/libDaisy//build/libdaisy.a(adc.o) (HAL_ADCEx_Calibration_Start)
/Users/stephenjohnson/Documents/DaisyExamples/libDaisy//build/libdaisy.a(stm32h7xx_hal_cortex.o)
                              /Users/stephenjohnson/Documents/DaisyExamples/libDaisy//build/libdaisy.a(stm32h7xx_hal.o) (HAL_NVIC_SetPriorityGrouping)
/Users/stephenjohnson/Documents/DaisyExamples/libDaisy//build/libdaisy.a(stm32h7xx_hal_dma.o)
                              /Users/stephenjohnson/Documents/DaisyExamples/libDaisy//build/libdaisy.a(adc.o) (HAL_DMA_Init)
/Users/stephenjohnson/Documents/DaisyExamples/libDaisy//build/libdaisy.a(stm32h7xx_hal_gpio.o)
[...]
Memory Configuration

Name             Origin             Length             Attributes
FLASH            0x0000000008000000 0x0000000000020000 xr
DTCMRAM          0x0000000020000000 0x0000000000020000 xrw
SRAM             0x0000000024000000 0x0000000000080000 xrw
RAM_D2           0x0000000030000000 0x0000000000048000 xrw
RAM_D3           0x0000000038000000 0x0000000000010000 xrw
ITCMRAM          0x0000000000000000 0x0000000000010000 xrw
SDRAM            0x00000000c0000000 0x0000000004000000 xrw
QSPIFLASH        0x0000000090000000 0x0000000000800000 xr
*default*        0x0000000000000000 0xffffffffffffffff

Linker script and memory map

LOAD /Applications/ARM/bin/../lib/gcc/arm-none-eabi/10.3.1/thumb/v7e-m+dp/hard/crti.o
LOAD /Applications/ARM/bin/../lib/gcc/arm-none-eabi/10.3.1/thumb/v7e-m+dp/hard/crtbegin.o
LOAD /Applications/ARM/bin/../lib/gcc/arm-none-eabi/10.3.1/../../../../arm-none-eabi/lib/thumb/v7e-m+dp/hard/crt0.o
LOAD build/startup_stm32h750xx.o
LOAD build/alphabit.o
LOAD /Users/stephenjohnson/Documents/DaisyExamples/libDaisy//build/libdaisy.a
LOAD /Applications/ARM/bin/../lib/gcc/arm-none-eabi/10.3.1/../../../../arm-none-eabi/lib/thumb/v7e-m+dp/hard/libnosys.a
LOAD /Users/stephenjohnson/Documents/DaisyExamples/DaisySP//build/libdaisysp.a
LOAD /Applications/ARM/bin/../lib/gcc/arm-none-eabi/10.3.1/../../../../arm-none-eabi/lib/thumb/v7e-m+dp/hard/libstdc++_nano.a
LOAD /Applications/ARM/bin/../lib/gcc/arm-none-eabi/10.3.1/../../../../arm-none-eabi/lib/thumb/v7e-m+dp/hard/libm.a
LOAD /Applications/ARM/bin/../lib/gcc/arm-none-eabi/10.3.1/../../../../arm-none-eabi/lib/thumb/v7e-m+dp/hard/libc_nano.a
START GROUP
LOAD /Applications/ARM/bin/../lib/gcc/arm-none-eabi/10.3.1/thumb/v7e-m+dp/hard/libgcc.a
LOAD /Applications/ARM/bin/../lib/gcc/arm-none-eabi/10.3.1/../../../../arm-none-eabi/lib/thumb/v7e-m+dp/hard/libc_nano.a
END GROUP
START GROUP
LOAD /Applications/ARM/bin/../lib/gcc/arm-none-eabi/10.3.1/thumb/v7e-m+dp/hard/libgcc.a
LOAD /Applications/ARM/bin/../lib/gcc/arm-none-eabi/10.3.1/../../../../arm-none-eabi/lib/thumb/v7e-m+dp/hard/libc_nano.a
LOAD /Applications/ARM/bin/../lib/gcc/arm-none-eabi/10.3.1/../../../../arm-none-eabi/lib/thumb/v7e-m+dp/hard/libnosys.a
END GROUP
START GROUP
LOAD /Applications/ARM/bin/../lib/gcc/arm-none-eabi/10.3.1/thumb/v7e-m+dp/hard/libgcc.a
LOAD /Applications/ARM/bin/../lib/gcc/arm-none-eabi/10.3.1/../../../../arm-none-eabi/lib/thumb/v7e-m+dp/hard/libc_nano.a
LOAD /Applications/ARM/bin/../lib/gcc/arm-none-eabi/10.3.1/../../../../arm-none-eabi/lib/thumb/v7e-m+dp/hard/libnosys.a
END GROUP
LOAD /Applications/ARM/bin/../lib/gcc/arm-none-eabi/10.3.1/thumb/v7e-m+dp/hard/crtend.o
LOAD /Applications/ARM/bin/../lib/gcc/arm-none-eabi/10.3.1/thumb/v7e-m+dp/hard/crtn.o
                0x0000000020020000                _estack = 0x20020000

.isr_vector     0x0000000008000000      0x298
                0x0000000008000000                . = ALIGN (0x4)
 *(.isr_vector)
 .isr_vector    0x0000000008000000      0x298 build/startup_stm32h750xx.o
                0x0000000008000000                g_pfnVectors
                0x0000000008000298                . = ALIGN (0x4)

.text           0x0000000008000298    0x10210
                0x0000000008000298                . = ALIGN (0x4)
                0x0000000008000298                _stext = .
 *(.text)
 .text          0x0000000008000298       0x40 /Applications/ARM/bin/../lib/gcc/arm-none-eabi/10.3.1/thumb/v7e-m+dp/hard/crtbegin.o
 .text          0x00000000080002d8       0x10 /Applications/ARM/bin/../lib/gcc/arm-none-eabi/10.3.1/../../../../arm-none-eabi/lib/thumb/v7e-m+dp/hard/libc_nano.a(lib_a-strlen.o)
                0x00000000080002d8                strlen
 .text          0x00000000080002e8      0x378 /Applications/ARM/bin/../lib/gcc/arm-none-eabi/10.3.1/thumb/v7e-m+dp/hard/libgcc.a(_arm_addsubdf3.o)
                0x00000000080002e8                __aeabi_drsub
                0x00000000080002f0                __subdf3
                0x00000000080002f0                __aeabi_dsub
                0x00000000080002f4                __aeabi_dadd
                0x00000000080002f4                __adddf3
                0x000000000800056c                __aeabi_ui2d
                0x000000000800056c                __floatunsidf
                0x000000000800058c                __floatsidf
                0x000000000800058c                __aeabi_i2d
                0x00000000080005b0                __extendsfdf2
                0x00000000080005b0                __aeabi_f2d
                0x00000000080005f4                __aeabi_ul2d
                0x00000000080005f4                __floatundidf
                0x0000000008000604                __aeabi_l2d
                0x0000000008000604                __floatdidf
 *(.text*)
 .text.Default_Handler
                0x0000000008000660        0x4 build/startup_stm32h750xx.o
                0x0000000008000660                SAI1_IRQHandler
                0x0000000008000660                HASH_RNG_IRQHandler
                0x0000000008000660                EXTI2_IRQHandler
                0x0000000008000660                TIM8_CC_IRQHandler
                0x0000000008000660                HRTIM1_Master_IRQHandler
                0x0000000008000660                DebugMon_Handler
                0x0000000008000660                UART8_IRQHandler
                0x0000000008000660                SPI4_IRQHandler
                0x0000000008000660                TIM1_CC_IRQHandler
                0x0000000008000660                BDMA_Channel6_IRQHandler
                0x0000000008000660                DMA2_Stream5_IRQHandler
                0x0000000008000660                HRTIM1_FLT_IRQHandler
                0x0000000008000660                JPEG_IRQHandler
                0x0000000008000660                DMA1_Stream5_IRQHandler
                0x0000000008000660                BDMA_Channel1_IRQHandler
                0x0000000008000660                HRTIM1_TIMD_IRQHandler
                0x0000000008000660                TAMP_STAMP_IRQHandler
                0x0000000008000660                PendSV_Handler
                0x0000000008000660                NMI_Handler
                0x0000000008000660                EXTI3_IRQHandler
                0x0000000008000660                LPTIM4_IRQHandler
                0x0000000008000660                TIM8_TRG_COM_TIM14_IRQHandler
                0x0000000008000660                LPTIM2_IRQHandler
                0x0000000008000660                DFSDM1_FLT1_IRQHandler
                0x0000000008000660                DMAMUX2_OVR_IRQHandler
                0x0000000008000660                TIM8_UP_TIM13_IRQHandler
                0x0000000008000660                I2C3_ER_IRQHandler
                0x0000000008000660                DFSDM1_FLT2_IRQHandler
                0x0000000008000660                MDMA_IRQHandler
                0x0000000008000660                LPTIM3_IRQHandler
                0x0000000008000660                HSEM1_IRQHandler
                0x0000000008000660                EXTI0_IRQHandler
                0x0000000008000660                FPU_IRQHandler
                0x0000000008000660                OTG_HS_WKUP_IRQHandler
                0x0000000008000660                FDCAN1_IT1_IRQHandler
                0x0000000008000660                UsageFault_Handler
                0x0000000008000660                LTDC_ER_IRQHandler
                0x0000000008000660                HRTIM1_TIME_IRQHandler
                0x0000000008000660                TIM6_DAC_IRQHandler
                0x0000000008000660                DCMI_IRQHandler
                0x0000000008000660                HRTIM1_TIMC_IRQHandler
                0x0000000008000660                SAI2_IRQHandler
                0x0000000008000660                DFSDM1_FLT3_IRQHandler
                0x0000000008000660                USART6_IRQHandler
                0x0000000008000660                TIM17_IRQHandler
                0x0000000008000660                USART3_IRQHandler
                0x0000000008000660                CRYP_IRQHandler
                0x0000000008000660                BDMA_Channel7_IRQHandler
                0x0000000008000660                LPTIM5_IRQHandler
                0x0000000008000660                UART5_IRQHandler
                0x0000000008000660                ADC3_IRQHandler
                0x0000000008000660                DMA2_Stream0_IRQHandler
                0x0000000008000660                TIM4_IRQHandler
                0x0000000008000660                BDMA_Channel2_IRQHandler
                0x0000000008000660                DMAMUX1_OVR_IRQHandler
                0x0000000008000660                TIM16_IRQHandler
                0x0000000008000660                UART4_IRQHandler
                0x0000000008000660                BDMA_Channel5_IRQHandler
                0x0000000008000660                TIM3_IRQHandler
                0x0000000008000660                RCC_IRQHandler
                0x0000000008000660                TIM8_BRK_TIM12_IRQHandler
                0x0000000008000660                TIM1_TRG_COM_IRQHandler
                0x0000000008000660                Default_Handler
                0x0000000008000660                ECC_IRQHandler
                0x0000000008000660                CEC_IRQHandler
                0x0000000008000660                EXTI15_10_IRQHandler
                0x0000000008000660                BDMA_Channel0_IRQHandler
                0x0000000008000660                ADC_IRQHandler
                0x0000000008000660                DMA1_Stream7_IRQHandler
                0x0000000008000660                HRTIM1_TIMA_IRQHandler
                0x0000000008000660                SPI5_IRQHandler
                0x0000000008000660                TIM7_IRQHandler
                0x0000000008000660                SDMMC1_IRQHandler
                0x0000000008000660                TIM5_IRQHandler
                0x0000000008000660                DMA2_Stream7_IRQHandler
                0x0000000008000660                TIM15_IRQHandler
                0x0000000008000660                PVD_AVD_IRQHandler
                0x0000000008000660                EXTI9_5_IRQHandler
                0x0000000008000660                RTC_WKUP_IRQHandler
                0x0000000008000660                LTDC_IRQHandler
                0x0000000008000660                SAI3_IRQHandler
                0x0000000008000660                ETH_WKUP_IRQHandler
                0x0000000008000660                SPDIF_RX_IRQHandler
                0x0000000008000660                SPI2_IRQHandler
                0x0000000008000660                MemManage_Handler
                0x0000000008000660                SVC_Handler
                0x0000000008000660                CRS_IRQHandler
                0x0000000008000660                EXTI4_IRQHandler
                0x0000000008000660                HRTIM1_TIMB_IRQHandler
                0x0000000008000660                FDCAN2_IT1_IRQHandler
                0x0000000008000660                ETH_IRQHandler
                0x0000000008000660                TIM1_UP_IRQHandler
                0x0000000008000660                BDMA_Channel4_IRQHandler
                0x0000000008000660                WWDG_IRQHandler
                0x0000000008000660                SPI6_IRQHandler
                0x0000000008000660                I2C4_EV_IRQHandler
                0x0000000008000660                MDIOS_IRQHandler
                0x0000000008000660                FDCAN2_IT0_IRQHandler
                0x0000000008000660                LPUART1_IRQHandler
                0x0000000008000660                FDCAN1_IT0_IRQHandler
                0x0000000008000660                TIM2_IRQHandler
                0x0000000008000660                OTG_FS_WKUP_IRQHandler
                0x0000000008000660                DMA2D_IRQHandler
                0x0000000008000660                TIM1_BRK_IRQHandler
                0x0000000008000660                EXTI1_IRQHandler
                0x0000000008000660                SDMMC2_IRQHandler
                0x0000000008000660                OTG_FS_EP1_OUT_IRQHandler
                0x0000000008000660                BDMA_Channel3_IRQHandler
                0x0000000008000660                UART7_IRQHandler
                0x0000000008000660                MDIOS_WKUP_IRQHandler
                0x0000000008000660                USART2_IRQHandler
                0x0000000008000660                DFSDM1_FLT0_IRQHandler
                0x0000000008000660                SAI4_IRQHandler
                0x0000000008000660                I2C2_ER_IRQHandler
                0x0000000008000660                DMA2_Stream1_IRQHandler
                0x0000000008000660                FLASH_IRQHandler
                0x0000000008000660                DMA2_Stream4_IRQHandler
                0x0000000008000660                BusFault_Handler
                0x0000000008000660                USART1_IRQHandler
                0x0000000008000660                OTG_FS_IRQHandler
                0x0000000008000660                SPI3_IRQHandler
                0x0000000008000660                WAKEUP_PIN_IRQHandler
                0x0000000008000660                OTG_FS_EP1_IN_IRQHandler
                0x0000000008000660                I2C1_ER_IRQHandler
                0x0000000008000660                FMC_IRQHandler
                0x0000000008000660                FDCAN_CAL_IRQHandler
                0x0000000008000660                SWPMI1_IRQHandler
                0x0000000008000660                COMP1_IRQHandler
                0x0000000008000660                LPTIM1_IRQHandler
                0x0000000008000660                I2C4_ER_IRQHandler
                0x0000000008000660                DMA2_Stream6_IRQHandler
                0x0000000008000660                RTC_Alarm_IRQHandler
 .text.Reset_Handler
                0x0000000008000664       0x44 build/startup_stm32h750xx.o
                0x0000000008000664                Reset_Handler
 .text._ZN5daisy9DaisySeedD2Ev
                0x00000000080006a8        0x4 build/alphabit.o
                0x00000000080006a8                daisy::DaisySeed::~DaisySeed()
                0x00000000080006a8                daisy::DaisySeed::~DaisySeed()
 .text._ZN7daisysp9CrossFadeD2Ev
                0x00000000080006ac        0x4 build/alphabit.o
                0x00000000080006ac                daisysp::CrossFade::~CrossFade()
                0x00000000080006ac                daisysp::CrossFade::~CrossFade()
 .text._ZN7daisysp4ToneD2Ev
                0x00000000080006b0        0x4 build/alphabit.o
                0x00000000080006b0                daisysp::Tone::~Tone()
                0x00000000080006b0                daisysp::Tone::~Tone()
 .text._ZN10FootswitchD2Ev
                0x00000000080006b4        0x4 build/alphabit.o
                0x00000000080006b4                Footswitch::~Footswitch()
                0x00000000080006b4                Footswitch::~Footswitch()
 .text.startup._ZNSt7__cxx1112basic_stringIcSt11char_traitsIcESaIcEEC2EPKcRKS3_.isra.0
                0x00000000080006b8       0x58 build/alphabit.o
 .text._ZN10FootswitchC2EN5daisy3PinE
                0x0000000008000710       0x40 build/alphabit.o
                0x0000000008000710                Footswitch::Footswitch(daisy::Pin)
                0x0000000008000710                Footswitch::Footswitch(daisy::Pin)
 .text.startup.main
                0x0000000008000750      0x3a8 build/alphabit.o
                0x0000000008000750                main
 .text._ZN11LoopChannel11WriteBufferEPKPKfj
                0x0000000008000af8       0x70 build/alphabit.o
                0x0000000008000af8                LoopChannel::WriteBuffer(float const* const*, unsigned int)
 .text._ZN11LoopChannel10NextSampleERfPKPKfj
                0x0000000008000b68      0x130 build/alphabit.o
                0x0000000008000b68                LoopChannel::NextSample(float&, float const* const*, unsigned int)
 .text._ZN11LoopChannel12NextSample_1ERfPKPKfjPS_
                0x0000000008000c98      0x134 build/alphabit.o
                0x0000000008000c98                LoopChannel::NextSample_1(float&, float const* const*, unsigned int, LoopChannel*)
 .text._ZN11LoopChannel12NextSample_2ERfPKPKfjPS_
                0x0000000008000dcc      0x168 build/alphabit.o
                0x0000000008000dcc                LoopChannel::NextSample_2(float&, float const* const*, unsigned int, LoopChannel*)
 .text._ZN10Footswitch6HandleEt
                0x0000000008000f34       0xf8 build/alphabit.o
                0x0000000008000f34                Footswitch::Handle(unsigned short)
 .text._Z8Controlsv
                0x000000000800102c      0x9e0 build/alphabit.o
                0x000000000800102c                Controls()
 .text._Z13AudioCallbackPKPKfPPfj
                0x0000000008001a0c      0x2e8 build/alphabit.o
                0x0000000008001a0c                AudioCallback(float const* const*, float**, unsigned int)
 .text.startup._GLOBAL__sub_I_loopA
                0x0000000008001cf4      0x238 build/alphabit.o
 .text._ZN5daisy9DaisySeed10StartAudioEPFvPKPKfPPfjE
                0x0000000008001f2c        0x8 /Users/stephenjohnson/Documents/DaisyExamples/libDaisy//build/libdaisy.a(daisy_seed.o)
                0x0000000008001f2c                daisy::DaisySeed::StartAudio(void (*)(float const* const*, float**, unsigned int))
 .text._ZN5daisy9DaisySeed18SetAudioSampleRateENS_9SaiHandle6Config10SampleRateE
                0x0000000008001f34       0x38 /Users/stephenjohnson/Documents/DaisyExamples/libDaisy//build/libdaisy.a(daisy_seed.o)
                0x0000000008001f34                daisy::DaisySeed::SetAudioSampleRate(daisy::SaiHandle::Config::SampleRate)
 .text._ZN5daisy9DaisySeed15AudioSampleRateEv
                0x0000000008001f6c        0x8 /Users/stephenjohnson/Documents/DaisyExamples/libDaisy//build/libdaisy.a(daisy_seed.o)
                0x0000000008001f6c                daisy::DaisySeed::AudioSampleRate()
 .text._ZN5daisy9DaisySeed17SetAudioBlockSizeEj
                0x0000000008001f74       0x38 /Users/stephenjohnson/Documents/DaisyExamples/libDaisy//build/libdaisy.a(daisy_seed.o)
                0x0000000008001f74                daisy::DaisySeed::SetAudioBlockSize(unsigned int)
 .text._ZN5daisy9DaisySeed14ConfigureAudioEv
                0x0000000008001fac       0xd0 /Users/stephenjohnson/Documents/DaisyExamples/libDaisy//build/libdaisy.a(daisy_seed.o)
                0x0000000008001fac                daisy::DaisySeed::ConfigureAudio()
 .text._ZN5daisy9DaisySeed4InitEb
                0x000000000800207c       0xf0 /Users/stephenjohnson/Documents/DaisyExamples/libDaisy//build/libdaisy.a(daisy_seed.o)
                0x000000000800207c                daisy::DaisySeed::Init(bool)
 .text._ZN5daisy6Ak45564InitE12dsy_gpio_pin
                0x000000000800216c       0x44 /Users/stephenjohnson/Documents/DaisyExamples/libDaisy//build/libdaisy.a(codec_ak4556.o)
                0x000000000800216c                daisy::Ak4556::Init(dsy_gpio_pin)
 .text._ZN5daisy6Wm873120WriteControlRegisterEht
                0x00000000080021b0       0x3c /Users/stephenjohnson/Documents/DaisyExamples/libDaisy//build/libdaisy.a(codec_wm8731.o)
                0x00000000080021b0                daisy::Wm8731::WriteControlRegister(unsigned char, unsigned short)
 .text._ZN5daisy6Wm87314InitERKNS0_6ConfigENS_9I2CHandleE
                0x00000000080021ec      0x1bc /Users/stephenjohnson/Documents/DaisyExamples/libDaisy//build/libdaisy.a(codec_wm8731.o)
                0x00000000080021ec                daisy::Wm8731::Init(daisy::Wm8731::Config const&, daisy::I2CHandle)
 .text._ZN11SdramHandle10DeviceInitEv
                0x00000000080023a8       0x98 /Users/stephenjohnson/Documents/DaisyExamples/libDaisy//build/libdaisy.a(sdram.o)
                0x00000000080023a8                SdramHandle::DeviceInit()
 .text._ZN11SdramHandle4InitEv
                0x0000000008002440       0x7c /Users/stephenjohnson/Documents/DaisyExamples/libDaisy//build/libdaisy.a(sdram.o)
                0x0000000008002440                SdramHandle::Init()
 .text.HAL_SDRAM_MspInit
                0x00000000080024bc      0x1a8 /Users/stephenjohnson/Documents/DaisyExamples/libDaisy//build/libdaisy.a(sdram.o)
                0x00000000080024bc                HAL_SDRAM_MspInit
 .text._ZN5daisy11AudioHandle4Impl16InternalCallbackEPlS2_j
                0x0000000008002664      0xbbc /Users/stephenjohnson/Documents/DaisyExamples/libDaisy//build/libdaisy.a(audio.o)
                0x0000000008002664                daisy::AudioHandle::Impl::InternalCallback(long*, long*, unsigned int)
 .text._ZN5daisy11AudioHandle4InitERKNS0_6ConfigENS_9SaiHandleE
                0x0000000008003220       0x64 /Users/stephenjohnson/Documents/DaisyExamples/libDaisy//build/libdaisy.a(audio.o)
                0x0000000008003220                daisy::AudioHandle::Init(daisy::AudioHandle::Config const&, daisy::SaiHandle)
 .text._ZNK5daisy11AudioHandle9GetConfigEv
                0x0000000008003284        0x8 /Users/stephenjohnson/Documents/DaisyExamples/libDaisy//build/libdaisy.a(audio.o)
                0x0000000008003284                daisy::AudioHandle::GetConfig() const
 .text._ZN5daisy11AudioHandle12SetBlockSizeEj
                0x000000000800328c       0x1c /Users/stephenjohnson/Documents/DaisyExamples/libDaisy//build/libdaisy.a(audio.o)
                0x000000000800328c                daisy::AudioHandle::SetBlockSize(unsigned int)
 .text._ZN5daisy11AudioHandle13GetSampleRateEv
                0x00000000080032a8        0x8 /Users/stephenjohnson/Documents/DaisyExamples/libDaisy//build/libdaisy.a(audio.o)
                0x00000000080032a8                daisy::AudioHandle::GetSampleRate()
 .text._ZN5daisy11AudioHandle13SetSampleRateENS_9SaiHandle6Config10SampleRateE
                0x00000000080032b0       0x88 /Users/stephenjohnson/Documents/DaisyExamples/libDaisy//build/libdaisy.a(audio.o)
                0x00000000080032b0                daisy::AudioHandle::SetSampleRate(daisy::SaiHandle::Config::SampleRate)
 .text._ZN5daisy11AudioHandle5StartEPFvPKPKfPPfjE
                0x0000000008003338       0x44 /Users/stephenjohnson/Documents/DaisyExamples/libDaisy//build/libdaisy.a(audio.o)
                0x0000000008003338                daisy::AudioHandle::Start(void (*)(float const* const*, float**, unsigned int))
 .text.startup._GLOBAL__sub_I__ZN5daisy11AudioHandle4Impl4InitENS0_6ConfigENS_9SaiHandleE
                0x000000000800337c       0x10 /Users/stephenjohnson/Documents/DaisyExamples/libDaisy//build/libdaisy.a(audio.o)
 .text._ZN5daisy6Switch4InitE12dsy_gpio_pinfNS0_4TypeENS0_8PolarityENS0_4PullE
                0x000000000800338c       0x6c /Users/stephenjohnson/Documents/DaisyExamples/libDaisy//build/libdaisy.a(switch.o)
                0x000000000800338c                daisy::Switch::Init(dsy_gpio_pin, float, daisy::Switch::Type, daisy::Switch::Polarity, daisy::Switch::Pull)
 .text._ZN5daisy6Switch8DebounceEv
                0x00000000080033f8       0x5c /Users/stephenjohnson/Documents/DaisyExamples/libDaisy//build/libdaisy.a(switch.o)
                0x00000000080033f8                daisy::Switch::Debounce()
 .text._ZN5daisy16AdcChannelConfig10InitSingleE12dsy_gpio_pin
                0x0000000008003454       0x1c /Users/stephenjohnson/Documents/DaisyExamples/libDaisy//build/libdaisy.a(adc.o)
                0x0000000008003454                daisy::AdcChannelConfig::InitSingle(dsy_gpio_pin)
 .text._ZN5daisy9AdcHandle4InitEPNS_16AdcChannelConfigEjNS0_12OverSamplingE
                0x0000000008003470      0x3c8 /Users/stephenjohnson/Documents/DaisyExamples/libDaisy//build/libdaisy.a(adc.o)
                0x0000000008003470                daisy::AdcHandle::Init(daisy::AdcChannelConfig*, unsigned int, daisy::AdcHandle::OverSampling)
 .text._ZN5daisy9AdcHandle5StartEv
                0x0000000008003838       0x2c /Users/stephenjohnson/Documents/DaisyExamples/libDaisy//build/libdaisy.a(adc.o)
                0x0000000008003838                daisy::AdcHandle::Start()
 .text._ZNK5daisy9AdcHandle3GetEh
                0x0000000008003864       0x18 /Users/stephenjohnson/Documents/DaisyExamples/libDaisy//build/libdaisy.a(adc.o)
                0x0000000008003864                daisy::AdcHandle::Get(unsigned char) const
 .text._ZNK5daisy9AdcHandle8GetFloatEh
                0x000000000800387c       0x20 /Users/stephenjohnson/Documents/DaisyExamples/libDaisy//build/libdaisy.a(adc.o)
                0x000000000800387c                daisy::AdcHandle::GetFloat(unsigned char) const
 .text.HAL_ADC_MspInit
                0x000000000800389c       0x98 /Users/stephenjohnson/Documents/DaisyExamples/libDaisy//build/libdaisy.a(adc.o)
                0x000000000800389c                HAL_ADC_MspInit
 .text.DMA1_Stream2_IRQHandler
                0x0000000008003934        0xc /Users/stephenjohnson/Documents/DaisyExamples/libDaisy//build/libdaisy.a(adc.o)
                0x0000000008003934                DMA1_Stream2_IRQHandler
 .text.HAL_ADC_ConvCpltCallback
                0x0000000008003940      0x148 /Users/stephenjohnson/Documents/DaisyExamples/libDaisy//build/libdaisy.a(adc.o)
                0x0000000008003940                HAL_ADC_ConvCpltCallback
 .text.HAL_ADC_ErrorCallback
                0x0000000008003a88        0x4 /Users/stephenjohnson/Documents/DaisyExamples/libDaisy//build/libdaisy.a(adc.o)
                0x0000000008003a88                HAL_ADC_ErrorCallback
 .text._ZN5daisy4GPIO4InitENS_3PinENS0_4ModeENS0_4PullENS0_5SpeedE
                0x0000000008003a8c      0x1cc /Users/stephenjohnson/Documents/DaisyExamples/libDaisy//build/libdaisy.a(gpio.o)
                0x0000000008003a8c                daisy::GPIO::Init(daisy::Pin, daisy::GPIO::Mode, daisy::GPIO::Pull, daisy::GPIO::Speed)
 .text._ZN5daisy4GPIO4ReadEv
                0x0000000008003c58       0x18 /Users/stephenjohnson/Documents/DaisyExamples/libDaisy//build/libdaisy.a(gpio.o)
                0x0000000008003c58                daisy::GPIO::Read()
 .text._ZN5daisy4GPIO5WriteEb
                0x0000000008003c70       0x14 /Users/stephenjohnson/Documents/DaisyExamples/libDaisy//build/libdaisy.a(gpio.o)
                0x0000000008003c70                daisy::GPIO::Write(bool)
 .text.dsy_gpio_init
                0x0000000008003c84      0x1b8 /Users/stephenjohnson/Documents/DaisyExamples/libDaisy//build/libdaisy.a(gpio.o)
                0x0000000008003c84                dsy_gpio_init
 .text.dsy_gpio_read
                0x0000000008003e3c       0x1c /Users/stephenjohnson/Documents/DaisyExamples/libDaisy//build/libdaisy.a(gpio.o)
                0x0000000008003e3c                dsy_gpio_read
 .text.dsy_gpio_write
                0x0000000008003e58       0x24 /Users/stephenjohnson/Documents/DaisyExamples/libDaisy//build/libdaisy.a(gpio.o)
                0x0000000008003e58                dsy_gpio_write
 .text._ZN5daisy9I2CHandle4Impl8InitPinsEv
                0x0000000008003e7c       0x58 /Users/stephenjohnson/Documents/DaisyExamples/libDaisy//build/libdaisy.a(i2c.o)
                0x0000000008003e7c                daisy::I2CHandle::Impl::InitPins()
 .text.HAL_I2C_MspInit
                0x0000000008003ed4      0x1b4 /Users/stephenjohnson/Documents/DaisyExamples/libDaisy//build/libdaisy.a(i2c.o)
                0x0000000008003ed4                HAL_I2C_MspInit
 .text.dsy_i2c_global_init
                0x0000000008004088       0x78 /Users/stephenjohnson/Documents/DaisyExamples/libDaisy//build/libdaisy.a(i2c.o)
                0x0000000008004088                dsy_i2c_global_init
 .text.DMA1_Stream6_IRQHandler
                0x0000000008004100       0x34 /Users/stephenjohnson/Documents/DaisyExamples/libDaisy//build/libdaisy.a(i2c.o)
                0x0000000008004100                DMA1_Stream6_IRQHandler
 .text.I2C1_EV_IRQHandler
                0x0000000008004134        0xc /Users/stephenjohnson/Documents/DaisyExamples/libDaisy//build/libdaisy.a(i2c.o)
                0x0000000008004134                I2C1_EV_IRQHandler
 .text.I2C2_EV_IRQHandler
                0x0000000008004140        0xc /Users/stephenjohnson/Documents/DaisyExamples/libDaisy//build/libdaisy.a(i2c.o)
                0x0000000008004140                I2C2_EV_IRQHandler
 .text.I2C3_EV_IRQHandler
                0x000000000800414c        0xc /Users/stephenjohnson/Documents/DaisyExamples/libDaisy//build/libdaisy.a(i2c.o)
                0x000000000800414c                I2C3_EV_IRQHandler
 .text._ZN5daisy9I2CHandle4InitERKNS0_6ConfigE
                0x0000000008004158      0x12c /Users/stephenjohnson/Documents/DaisyExamples/libDaisy//build/libdaisy.a(i2c.o)
                0x0000000008004158                daisy::I2CHandle::Init(daisy::I2CHandle::Config const&)
 .text._ZN5daisy9I2CHandle16TransmitBlockingEtPhtm
                0x0000000008004284       0x50 /Users/stephenjohnson/Documents/DaisyExamples/libDaisy//build/libdaisy.a(i2c.o)
                0x0000000008004284                daisy::I2CHandle::TransmitBlocking(unsigned short, unsigned char*, unsigned short, unsigned long)
 .text.startup._GLOBAL__sub_I__ZN5daisy9I2CHandle4Impl10GlobalInitEv
                0x00000000080042d4       0x18 /Users/stephenjohnson/Documents/DaisyExamples/libDaisy//build/libdaisy.a(i2c.o)
 .text._ZN5daisy10QSPIHandle4Impl11WriteEnableEv
                0x00000000080042ec       0x8c /Users/stephenjohnson/Documents/DaisyExamples/libDaisy//build/libdaisy.a(qspi.o)
                0x00000000080042ec                daisy::QSPIHandle::Impl::WriteEnable()
 .text._ZN5daisy10QSPIHandle4Impl17DummyCyclesConfigENS0_6Config6DeviceE
                0x0000000008004378      0x118 /Users/stephenjohnson/Documents/DaisyExamples/libDaisy//build/libdaisy.a(qspi.o)
                0x0000000008004378                daisy::QSPIHandle::Impl::DummyCyclesConfig(daisy::QSPIHandle::Config::Device)
 .text._ZN5daisy10QSPIHandle4Impl10QuadEnableEv
                0x0000000008004490      0x158 /Users/stephenjohnson/Documents/DaisyExamples/libDaisy//build/libdaisy.a(qspi.o)
                0x0000000008004490                daisy::QSPIHandle::Impl::QuadEnable()
 .text._ZN5daisy10QSPIHandle4InitERKNS0_6ConfigE
                0x00000000080045e8      0x198 /Users/stephenjohnson/Documents/DaisyExamples/libDaisy//build/libdaisy.a(qspi.o)
                0x00000000080045e8                daisy::QSPIHandle::Init(daisy::QSPIHandle::Config const&)
 .text.HAL_QSPI_MspInit
                0x0000000008004780      0x11c /Users/stephenjohnson/Documents/DaisyExamples/libDaisy//build/libdaisy.a(qspi.o)
                0x0000000008004780                HAL_QSPI_MspInit
 .text.HAL_QSPI_MspDeInit
                0x000000000800489c       0x54 /Users/stephenjohnson/Documents/DaisyExamples/libDaisy//build/libdaisy.a(qspi.o)
                0x000000000800489c                HAL_QSPI_MspDeInit
 .text.QUADSPI_IRQHandler
                0x00000000080048f0        0xc /Users/stephenjohnson/Documents/DaisyExamples/libDaisy//build/libdaisy.a(qspi.o)
                0x00000000080048f0                QUADSPI_IRQHandler
 .text.startup._GLOBAL__sub_I__ZN5daisy10QSPIHandle4Impl4InitERKNS0_6ConfigE
                0x00000000080048fc       0x28 /Users/stephenjohnson/Documents/DaisyExamples/libDaisy//build/libdaisy.a(qspi.o)
 .text._ZN5daisy9SaiHandle4Impl7InitDmaENS1_15PeripheralBlockE
                0x0000000008004924       0xa0 /Users/stephenjohnson/Documents/DaisyExamples/libDaisy//build/libdaisy.a(sai.o)
                0x0000000008004924                daisy::SaiHandle::Impl::InitDma(daisy::SaiHandle::Impl::PeripheralBlock)
 .text._ZN5daisy9SaiHandle4Impl8InitPinsEv
                0x00000000080049c4       0xa8 /Users/stephenjohnson/Documents/DaisyExamples/libDaisy//build/libdaisy.a(sai.o)
                0x00000000080049c4                daisy::SaiHandle::Impl::InitPins()
 .text.HAL_SAI_MspInit
                0x0000000008004a6c      0x164 /Users/stephenjohnson/Documents/DaisyExamples/libDaisy//build/libdaisy.a(sai.o)
                0x0000000008004a6c                HAL_SAI_MspInit
 .text.DMA1_Stream0_IRQHandler
                0x0000000008004bd0        0xc /Users/stephenjohnson/Documents/DaisyExamples/libDaisy//build/libdaisy.a(sai.o)
                0x0000000008004bd0                DMA1_Stream0_IRQHandler
 .text.DMA1_Stream1_IRQHandler
                0x0000000008004bdc        0xc /Users/stephenjohnson/Documents/DaisyExamples/libDaisy//build/libdaisy.a(sai.o)
                0x0000000008004bdc                DMA1_Stream1_IRQHandler
 .text.DMA1_Stream3_IRQHandler
                0x0000000008004be8        0xc /Users/stephenjohnson/Documents/DaisyExamples/libDaisy//build/libdaisy.a(sai.o)
                0x0000000008004be8                DMA1_Stream3_IRQHandler
 .text.DMA1_Stream4_IRQHandler
                0x0000000008004bf4        0xc /Users/stephenjohnson/Documents/DaisyExamples/libDaisy//build/libdaisy.a(sai.o)
                0x0000000008004bf4                DMA1_Stream4_IRQHandler
 .text.HAL_SAI_RxHalfCpltCallback
                0x0000000008004c00       0x78 /Users/stephenjohnson/Documents/DaisyExamples/libDaisy//build/libdaisy.a(sai.o)
                0x0000000008004c00                HAL_SAI_RxHalfCpltCallback
 .text.HAL_SAI_RxCpltCallback
                0x0000000008004c78       0x70 /Users/stephenjohnson/Documents/DaisyExamples/libDaisy//build/libdaisy.a(sai.o)
                0x0000000008004c78                HAL_SAI_RxCpltCallback
 .text._ZN5daisy9SaiHandle4InitERKNS0_6ConfigE
                0x0000000008004ce8      0x1f0 /Users/stephenjohnson/Documents/DaisyExamples/libDaisy//build/libdaisy.a(sai.o)
                0x0000000008004ce8                daisy::SaiHandle::Init(daisy::SaiHandle::Config const&)
 .text._ZNK5daisy9SaiHandle9GetConfigEv
                0x0000000008004ed8        0x4 /Users/stephenjohnson/Documents/DaisyExamples/libDaisy//build/libdaisy.a(sai.o)
                0x0000000008004ed8                daisy::SaiHandle::GetConfig() const
 .text._ZN5daisy9SaiHandle8StartDmaEPlS1_jPFvS1_S1_jE
                0x0000000008004edc       0xbc /Users/stephenjohnson/Documents/DaisyExamples/libDaisy//build/libdaisy.a(sai.o)
                0x0000000008004edc                daisy::SaiHandle::StartDma(long*, long*, unsigned int, void (*)(long*, long*, unsigned int))
 .text._ZN5daisy9SaiHandle13GetSampleRateEv
                0x0000000008004f98       0x24 /Users/stephenjohnson/Documents/DaisyExamples/libDaisy//build/libdaisy.a(sai.o)
                0x0000000008004f98                daisy::SaiHandle::GetSampleRate()
 .text._ZNK5daisy9SaiHandle9GetOffsetEv
                0x0000000008004fbc        0x8 /Users/stephenjohnson/Documents/DaisyExamples/libDaisy//build/libdaisy.a(sai.o)
                0x0000000008004fbc                daisy::SaiHandle::GetOffset() const
 .text._ZN5daisy11TimerHandleD2Ev
                0x0000000008004fc4        0x4 /Users/stephenjohnson/Documents/DaisyExamples/libDaisy//build/libdaisy.a(system.o)
                0x0000000008004fc4                daisy::TimerHandle::~TimerHandle()
                0x0000000008004fc4                daisy::TimerHandle::~TimerHandle()
 .text.SysTick_Handler
                0x0000000008004fc8       0x10 /Users/stephenjohnson/Documents/DaisyExamples/libDaisy//build/libdaisy.a(system.o)
                0x0000000008004fc8                SysTick_Handler
 .text.OTG_HS_EP1_OUT_IRQHandler
                0x0000000008004fd8       0x24 /Users/stephenjohnson/Documents/DaisyExamples/libDaisy//build/libdaisy.a(system.o)
                0x0000000008004fd8                OTG_HS_EP1_OUT_IRQHandler
 .text.OTG_HS_EP1_IN_IRQHandler
                0x0000000008004ffc       0x24 /Users/stephenjohnson/Documents/DaisyExamples/libDaisy//build/libdaisy.a(system.o)
                0x0000000008004ffc                OTG_HS_EP1_IN_IRQHandler
 .text.OTG_HS_IRQHandler
                0x0000000008005020       0x24 /Users/stephenjohnson/Documents/DaisyExamples/libDaisy//build/libdaisy.a(system.o)
                0x0000000008005020                OTG_HS_IRQHandler
 .text.HardFault_Handler
                0x0000000008005044       0xe0 /Users/stephenjohnson/Documents/DaisyExamples/libDaisy//build/libdaisy.a(system.o)
                0x0000000008005044                HardFault_Handler
 .text._ZN5daisy6System6GetNowEv
                0x0000000008005124        0x4 /Users/stephenjohnson/Documents/DaisyExamples/libDaisy//build/libdaisy.a(system.o)
                0x0000000008005124                daisy::System::GetNow()
 .text._ZN5daisy6System5DelayEm
                0x0000000008005128        0x4 /Users/stephenjohnson/Documents/DaisyExamples/libDaisy//build/libdaisy.a(system.o)
                0x0000000008005128                daisy::System::Delay(unsigned long)
 .text._ZN5daisy6System15ConfigureClocksEv
                0x000000000800512c      0x194 /Users/stephenjohnson/Documents/DaisyExamples/libDaisy//build/libdaisy.a(system.o)
                0x000000000800512c                daisy::System::ConfigureClocks()
 .text._ZN5daisy6System4InitERKNS0_6ConfigE
                0x00000000080052c0      0x12c /Users/stephenjohnson/Documents/DaisyExamples/libDaisy//build/libdaisy.a(system.o)
                0x00000000080052c0                daisy::System::Init(daisy::System::Config const&)
 .text._ZN5daisy6System12GetPClk1FreqEv
                0x00000000080053ec        0x4 /Users/stephenjohnson/Documents/DaisyExamples/libDaisy//build/libdaisy.a(system.o)
                0x00000000080053ec                daisy::System::GetPClk1Freq()
 .text._ZN5daisy6System22GetProgramMemoryRegionEv
                0x00000000080053f0       0x78 /Users/stephenjohnson/Documents/DaisyExamples/libDaisy//build/libdaisy.a(system.o)
                0x00000000080053f0                daisy::System::GetProgramMemoryRegion()
 .text.startup._GLOBAL__sub_I_SysTick_Handler
                0x0000000008005468       0x1c /Users/stephenjohnson/Documents/DaisyExamples/libDaisy//build/libdaisy.a(system.o)
 .text.SystemInit
                0x0000000008005484       0x9c /Users/stephenjohnson/Documents/DaisyExamples/libDaisy//build/libdaisy.a(system_stm32h7xx.o)
                0x0000000008005484                SystemInit
 .text.HAL_PCD_SetupStageCallback
                0x0000000008005520        0xc /Users/stephenjohnson/Documents/DaisyExamples/libDaisy//build/libdaisy.a(usbd_conf.o)
                0x0000000008005520                HAL_PCD_SetupStageCallback
 .text.HAL_PCD_DataOutStageCallback
                0x000000000800552c       0x14 /Users/stephenjohnson/Documents/DaisyExamples/libDaisy//build/libdaisy.a(usbd_conf.o)
                0x000000000800552c                HAL_PCD_DataOutStageCallback
 .text.HAL_PCD_DataInStageCallback
                0x0000000008005540       0x14 /Users/stephenjohnson/Documents/DaisyExamples/libDaisy//build/libdaisy.a(usbd_conf.o)
                0x0000000008005540                HAL_PCD_DataInStageCallback
 .text.HAL_PCD_SOFCallback
                0x0000000008005554        0x8 /Users/stephenjohnson/Documents/DaisyExamples/libDaisy//build/libdaisy.a(usbd_conf.o)
                0x0000000008005554                HAL_PCD_SOFCallback
 .text.HAL_PCD_ResetCallback
                0x000000000800555c       0x24 /Users/stephenjohnson/Documents/DaisyExamples/libDaisy//build/libdaisy.a(usbd_conf.o)
                0x000000000800555c                HAL_PCD_ResetCallback
 .text.HAL_PCD_SuspendCallback
                0x0000000008005580       0x30 /Users/stephenjohnson/Documents/DaisyExamples/libDaisy//build/libdaisy.a(usbd_conf.o)
                0x0000000008005580                HAL_PCD_SuspendCallback
 .text.HAL_PCD_ResumeCallback
                0x00000000080055b0        0x8 /Users/stephenjohnson/Documents/DaisyExamples/libDaisy//build/libdaisy.a(usbd_conf.o)
                0x00000000080055b0                HAL_PCD_ResumeCallback
 .text.HAL_PCD_ISOOUTIncompleteCallback
                0x00000000080055b8        0x8 /Users/stephenjohnson/Documents/DaisyExamples/libDaisy//build/libdaisy.a(usbd_conf.o)
                0x00000000080055b8                HAL_PCD_ISOOUTIncompleteCallback
 .text.HAL_PCD_ISOINIncompleteCallback
                0x00000000080055c0        0x8 /Users/stephenjohnson/Documents/DaisyExamples/libDaisy//build/libdaisy.a(usbd_conf.o)
                0x00000000080055c0                HAL_PCD_ISOINIncompleteCallback
 .text.HAL_PCD_ConnectCallback
                0x00000000080055c8        0x8 /Users/stephenjohnson/Documents/DaisyExamples/libDaisy//build/libdaisy.a(usbd_conf.o)
                0x00000000080055c8                HAL_PCD_ConnectCallback
 .text.HAL_PCD_DisconnectCallback
                0x00000000080055d0        0x8 /Users/stephenjohnson/Documents/DaisyExamples/libDaisy//build/libdaisy.a(usbd_conf.o)
                0x00000000080055d0                HAL_PCD_DisconnectCallback
 .text.USBD_LL_OpenEP
                0x00000000080055d8       0x24 /Users/stephenjohnson/Documents/DaisyExamples/libDaisy//build/libdaisy.a(usbd_conf.o)
                0x00000000080055d8                USBD_LL_OpenEP
 .text.USBD_LL_StallEP
                0x00000000080055fc       0x1c /Users/stephenjohnson/Documents/DaisyExamples/libDaisy//build/libdaisy.a(usbd_conf.o)
                0x00000000080055fc                USBD_LL_StallEP
 .text.USBD_LL_ClearStallEP
                0x0000000008005618       0x1c /Users/stephenjohnson/Documents/DaisyExamples/libDaisy//build/libdaisy.a(usbd_conf.o)
                0x0000000008005618                USBD_LL_ClearStallEP
 .text.USBD_LL_IsStallEP
                0x0000000008005634       0x28 /Users/stephenjohnson/Documents/DaisyExamples/libDaisy//build/libdaisy.a(usbd_conf.o)
                0x0000000008005634                USBD_LL_IsStallEP
 .text.USBD_LL_SetUSBAddress
                0x000000000800565c       0x1c /Users/stephenjohnson/Documents/DaisyExamples/libDaisy//build/libdaisy.a(usbd_conf.o)
                0x000000000800565c                USBD_LL_SetUSBAddress
 .text.USBD_LL_Transmit
                0x0000000008005678       0x1c /Users/stephenjohnson/Documents/DaisyExamples/libDaisy//build/libdaisy.a(usbd_conf.o)
                0x0000000008005678                USBD_LL_Transmit
 .text.USBD_LL_PrepareReceive
                0x0000000008005694       0x1c /Users/stephenjohnson/Documents/DaisyExamples/libDaisy//build/libdaisy.a(usbd_conf.o)
                0x0000000008005694                USBD_LL_PrepareReceive
 .text.HAL_HCD_SOF_Callback
                0x00000000080056b0        0x8 /Users/stephenjohnson/Documents/DaisyExamples/libDaisy//build/libdaisy.a(usbh_conf.o)
                0x00000000080056b0                HAL_HCD_SOF_Callback
 .text.HAL_HCD_Connect_Callback
                0x00000000080056b8        0x8 /Users/stephenjohnson/Documents/DaisyExamples/libDaisy//build/libdaisy.a(usbh_conf.o)
                0x00000000080056b8                HAL_HCD_Connect_Callback
 .text.HAL_HCD_Disconnect_Callback
                0x00000000080056c0        0x8 /Users/stephenjohnson/Documents/DaisyExamples/libDaisy//build/libdaisy.a(usbh_conf.o)
                0x00000000080056c0                HAL_HCD_Disconnect_Callback
 .text.HAL_HCD_HC_NotifyURBChange_Callback
                0x00000000080056c8        0x4 /Users/stephenjohnson/Documents/DaisyExamples/libDaisy//build/libdaisy.a(usbh_conf.o)
                0x00000000080056c8                HAL_HCD_HC_NotifyURBChange_Callback
 .text.HAL_HCD_PortEnabled_Callback
                0x00000000080056cc        0x8 /Users/stephenjohnson/Documents/DaisyExamples/libDaisy//build/libdaisy.a(usbh_conf.o)
                0x00000000080056cc                HAL_HCD_PortEnabled_Callback
 .text.HAL_HCD_PortDisabled_Callback
                0x00000000080056d4        0x8 /Users/stephenjohnson/Documents/DaisyExamples/libDaisy//build/libdaisy.a(usbh_conf.o)
                0x00000000080056d4                HAL_HCD_PortDisabled_Callback
 .text.USBH_LL_Stop
                0x00000000080056dc       0x1c /Users/stephenjohnson/Documents/DaisyExamples/libDaisy//build/libdaisy.a(usbh_conf.o)
                0x00000000080056dc                USBH_LL_Stop
 .text.dsy_hal_map_get_port
                0x00000000080056f8       0x10 /Users/stephenjohnson/Documents/DaisyExamples/libDaisy//build/libdaisy.a(hal_map.o)
                0x00000000080056f8                dsy_hal_map_get_port
 .text.dsy_hal_map_get_pin
                0x0000000008005708       0x10 /Users/stephenjohnson/Documents/DaisyExamples/libDaisy//build/libdaisy.a(hal_map.o)
                0x0000000008005708                dsy_hal_map_get_pin
 .text.dsy_hal_map_gpio_clk_enable
                0x0000000008005718      0x150 /Users/stephenjohnson/Documents/DaisyExamples/libDaisy//build/libdaisy.a(hal_map.o)
                0x0000000008005718                dsy_hal_map_gpio_clk_enable
 .text.HAL_MspInit
                0x0000000008005868        0x4 /Users/stephenjohnson/Documents/DaisyExamples/libDaisy//build/libdaisy.a(stm32h7xx_hal.o)
                0x0000000008005868                HAL_MspInit
 .text.HAL_InitTick
                0x000000000800586c       0x4c /Users/stephenjohnson/Documents/DaisyExamples/libDaisy//build/libdaisy.a(stm32h7xx_hal.o)
                0x000000000800586c                HAL_InitTick
 .text.HAL_Init
                0x00000000080058b8       0x60 /Users/stephenjohnson/Documents/DaisyExamples/libDaisy//build/libdaisy.a(stm32h7xx_hal.o)
                0x00000000080058b8                HAL_Init
 .text.HAL_IncTick
                0x0000000008005918       0x18 /Users/stephenjohnson/Documents/DaisyExamples/libDaisy//build/libdaisy.a(stm32h7xx_hal.o)
                0x0000000008005918                HAL_IncTick
 .text.HAL_GetTick
                0x0000000008005930        0xc /Users/stephenjohnson/Documents/DaisyExamples/libDaisy//build/libdaisy.a(stm32h7xx_hal.o)
                0x0000000008005930                HAL_GetTick
 .text.HAL_Delay
                0x000000000800593c       0x24 /Users/stephenjohnson/Documents/DaisyExamples/libDaisy//build/libdaisy.a(stm32h7xx_hal.o)
                0x000000000800593c                HAL_Delay
 .text.HAL_GetREVID
                0x0000000008005960        0xc /Users/stephenjohnson/Documents/DaisyExamples/libDaisy//build/libdaisy.a(stm32h7xx_hal.o)
                0x0000000008005960                HAL_GetREVID
 .text.HAL_ADC_ConvHalfCpltCallback
                0x000000000800596c        0x4 /Users/stephenjohnson/Documents/DaisyExamples/libDaisy//build/libdaisy.a(stm32h7xx_hal_adc.o)
                0x000000000800596c                HAL_ADC_ConvHalfCpltCallback
 .text.ADC_DMAHalfConvCplt
                0x0000000008005970        0xc /Users/stephenjohnson/Documents/DaisyExamples/libDaisy//build/libdaisy.a(stm32h7xx_hal_adc.o)
                0x0000000008005970                ADC_DMAHalfConvCplt
 .text.ADC_DMAConvCplt
                0x000000000800597c       0x6c /Users/stephenjohnson/Documents/DaisyExamples/libDaisy//build/libdaisy.a(stm32h7xx_hal_adc.o)
                0x000000000800597c                ADC_DMAConvCplt
 .text.ADC_DMAError
                0x00000000080059e8       0x1c /Users/stephenjohnson/Documents/DaisyExamples/libDaisy//build/libdaisy.a(stm32h7xx_hal_adc.o)
                0x00000000080059e8                ADC_DMAError
 .text.HAL_ADC_ConfigChannel
                0x0000000008005a04      0x3fc /Users/stephenjohnson/Documents/DaisyExamples/libDaisy//build/libdaisy.a(stm32h7xx_hal_adc.o)
                0x0000000008005a04                HAL_ADC_ConfigChannel
 .text.ADC_Enable
                0x0000000008005e00       0xac /Users/stephenjohnson/Documents/DaisyExamples/libDaisy//build/libdaisy.a(stm32h7xx_hal_adc.o)
                0x0000000008005e00                ADC_Enable
 .text.HAL_ADC_Start_DMA
                0x0000000008005eac      0x114 /Users/stephenjohnson/Documents/DaisyExamples/libDaisy//build/libdaisy.a(stm32h7xx_hal_adc.o)
                0x0000000008005eac                HAL_ADC_Start_DMA
 .text.ADC_Disable
                0x0000000008005fc0       0x68 /Users/stephenjohnson/Documents/DaisyExamples/libDaisy//build/libdaisy.a(stm32h7xx_hal_adc.o)
                0x0000000008005fc0                ADC_Disable
 .text.ADC_ConfigureBoostMode
                0x0000000008006028      0x184 /Users/stephenjohnson/Documents/DaisyExamples/libDaisy//build/libdaisy.a(stm32h7xx_hal_adc.o)
                0x0000000008006028                ADC_ConfigureBoostMode
 .text.HAL_ADC_Init
                0x00000000080061ac      0x218 /Users/stephenjohnson/Documents/DaisyExamples/libDaisy//build/libdaisy.a(stm32h7xx_hal_adc.o)
                0x00000000080061ac                HAL_ADC_Init
 .text.HAL_ADCEx_Calibration_Start
                0x00000000080063c4       0xa4 /Users/stephenjohnson/Documents/DaisyExamples/libDaisy//build/libdaisy.a(stm32h7xx_hal_adc_ex.o)
                0x00000000080063c4                HAL_ADCEx_Calibration_Start
 .text.HAL_ADCEx_MultiModeConfigChannel
                0x0000000008006468       0xc4 /Users/stephenjohnson/Documents/DaisyExamples/libDaisy//build/libdaisy.a(stm32h7xx_hal_adc_ex.o)
                0x0000000008006468                HAL_ADCEx_MultiModeConfigChannel
 .text.HAL_NVIC_SetPriorityGrouping
                0x000000000800652c       0x24 /Users/stephenjohnson/Documents/DaisyExamples/libDaisy//build/libdaisy.a(stm32h7xx_hal_cortex.o)
                0x000000000800652c                HAL_NVIC_SetPriorityGrouping
 .text.HAL_NVIC_SetPriority
                0x0000000008006550       0x7c /Users/stephenjohnson/Documents/DaisyExamples/libDaisy//build/libdaisy.a(stm32h7xx_hal_cortex.o)
                0x0000000008006550                HAL_NVIC_SetPriority
 .text.HAL_NVIC_EnableIRQ
                0x00000000080065cc       0x1c /Users/stephenjohnson/Documents/DaisyExamples/libDaisy//build/libdaisy.a(stm32h7xx_hal_cortex.o)
                0x00000000080065cc                HAL_NVIC_EnableIRQ
 .text.HAL_NVIC_DisableIRQ
                0x00000000080065e8       0x28 /Users/stephenjohnson/Documents/DaisyExamples/libDaisy//build/libdaisy.a(stm32h7xx_hal_cortex.o)
                0x00000000080065e8                HAL_NVIC_DisableIRQ
 .text.HAL_SYSTICK_Config
                0x0000000008006610       0x2c /Users/stephenjohnson/Documents/DaisyExamples/libDaisy//build/libdaisy.a(stm32h7xx_hal_cortex.o)
                0x0000000008006610                HAL_SYSTICK_Config
 .text.HAL_MPU_Disable
                0x000000000800663c       0x1c /Users/stephenjohnson/Documents/DaisyExamples/libDaisy//build/libdaisy.a(stm32h7xx_hal_cortex.o)
                0x000000000800663c                HAL_MPU_Disable
 .text.HAL_MPU_Enable
                0x0000000008006658       0x20 /Users/stephenjohnson/Documents/DaisyExamples/libDaisy//build/libdaisy.a(stm32h7xx_hal_cortex.o)
                0x0000000008006658                HAL_MPU_Enable
 .text.HAL_MPU_ConfigRegion
                0x0000000008006678       0x64 /Users/stephenjohnson/Documents/DaisyExamples/libDaisy//build/libdaisy.a(stm32h7xx_hal_cortex.o)
                0x0000000008006678                HAL_MPU_ConfigRegion
 .text.HAL_SYSTICK_Callback
                0x00000000080066dc        0x4 /Users/stephenjohnson/Documents/DaisyExamples/libDaisy//build/libdaisy.a(stm32h7xx_hal_cortex.o)
                0x00000000080066dc                HAL_SYSTICK_Callback
 .text.HAL_SYSTICK_IRQHandler
                0x00000000080066e0        0x8 /Users/stephenjohnson/Documents/DaisyExamples/libDaisy//build/libdaisy.a(stm32h7xx_hal_cortex.o)
                0x00000000080066e0                HAL_SYSTICK_IRQHandler
 .text.DMA_CalcBaseAndBitshift
                0x00000000080066e8       0xf4 /Users/stephenjohnson/Documents/DaisyExamples/libDaisy//build/libdaisy.a(stm32h7xx_hal_dma.o)
 .text.DMA_CalcDMAMUXChannelBaseAndMask
                0x00000000080067dc       0xd8 /Users/stephenjohnson/Documents/DaisyExamples/libDaisy//build/libdaisy.a(stm32h7xx_hal_dma.o)
 .text.HAL_DMA_Init
                0x00000000080068b4      0x37c /Users/stephenjohnson/Documents/DaisyExamples/libDaisy//build/libdaisy.a(stm32h7xx_hal_dma.o)
                0x00000000080068b4                HAL_DMA_Init
 .text.HAL_DMA_Start_IT
                0x0000000008006c30      0x240 /Users/stephenjohnson/Documents/DaisyExamples/libDaisy//build/libdaisy.a(stm32h7xx_hal_dma.o)
                0x0000000008006c30                HAL_DMA_Start_IT
 .text.HAL_DMA_Abort_IT
                0x0000000008006e70      0x134 /Users/stephenjohnson/Documents/DaisyExamples/libDaisy//build/libdaisy.a(stm32h7xx_hal_dma.o)
                0x0000000008006e70                HAL_DMA_Abort_IT
 .text.HAL_DMA_IRQHandler
                0x0000000008006fa4      0x6a0 /Users/stephenjohnson/Documents/DaisyExamples/libDaisy//build/libdaisy.a(stm32h7xx_hal_dma.o)
                0x0000000008006fa4                HAL_DMA_IRQHandler
 .text.HAL_DMA_GetError
                0x0000000008007644        0x4 /Users/stephenjohnson/Documents/DaisyExamples/libDaisy//build/libdaisy.a(stm32h7xx_hal_dma.o)
                0x0000000008007644                HAL_DMA_GetError
 .text.HAL_GPIO_Init
                0x0000000008007648      0x280 /Users/stephenjohnson/Documents/DaisyExamples/libDaisy//build/libdaisy.a(stm32h7xx_hal_gpio.o)
                0x0000000008007648                HAL_GPIO_Init
 .text.HAL_GPIO_DeInit
                0x00000000080078c8      0x190 /Users/stephenjohnson/Documents/DaisyExamples/libDaisy//build/libdaisy.a(stm32h7xx_hal_gpio.o)
                0x00000000080078c8                HAL_GPIO_DeInit
 .text.HAL_GPIO_ReadPin
                0x0000000008007a58        0xc /Users/stephenjohnson/Documents/DaisyExamples/libDaisy//build/libdaisy.a(stm32h7xx_hal_gpio.o)
                0x0000000008007a58                HAL_GPIO_ReadPin
 .text.HAL_GPIO_WritePin
                0x0000000008007a64        0x8 /Users/stephenjohnson/Documents/DaisyExamples/libDaisy//build/libdaisy.a(stm32h7xx_hal_gpio.o)
                0x0000000008007a64                HAL_GPIO_WritePin
 .text.HAL_HCD_IRQHandler
                0x0000000008007a6c      0x780 /Users/stephenjohnson/Documents/DaisyExamples/libDaisy//build/libdaisy.a(stm32h7xx_hal_hcd.o)
                0x0000000008007a6c                HAL_HCD_IRQHandler
 .text.HAL_HCD_Stop
                0x00000000080081ec       0x28 /Users/stephenjohnson/Documents/DaisyExamples/libDaisy//build/libdaisy.a(stm32h7xx_hal_hcd.o)
                0x00000000080081ec                HAL_HCD_Stop
 .text.I2C_WaitOnTXISFlagUntilTimeout
                0x0000000008008214       0xb8 /Users/stephenjohnson/Documents/DaisyExamples/libDaisy//build/libdaisy.a(stm32h7xx_hal_i2c.o)
 .text.I2C_WaitOnSTOPFlagUntilTimeout
                0x00000000080082cc       0xac /Users/stephenjohnson/Documents/DaisyExamples/libDaisy//build/libdaisy.a(stm32h7xx_hal_i2c.o)
 .text.HAL_I2C_Init
                0x0000000008008378       0xac /Users/stephenjohnson/Documents/DaisyExamples/libDaisy//build/libdaisy.a(stm32h7xx_hal_i2c.o)
                0x0000000008008378                HAL_I2C_Init
 .text.HAL_I2C_Master_Transmit
                0x0000000008008424      0x1a8 /Users/stephenjohnson/Documents/DaisyExamples/libDaisy//build/libdaisy.a(stm32h7xx_hal_i2c.o)
                0x0000000008008424                HAL_I2C_Master_Transmit
 .text.HAL_I2C_Slave_Transmit
                0x00000000080085cc      0x1c8 /Users/stephenjohnson/Documents/DaisyExamples/libDaisy//build/libdaisy.a(stm32h7xx_hal_i2c.o)
                0x00000000080085cc                HAL_I2C_Slave_Transmit
 .text.HAL_I2C_EV_IRQHandler
                0x0000000008008794       0x10 /Users/stephenjohnson/Documents/DaisyExamples/libDaisy//build/libdaisy.a(stm32h7xx_hal_i2c.o)
                0x0000000008008794                HAL_I2C_EV_IRQHandler
 .text.HAL_I2C_GetState
                0x00000000080087a4        0x8 /Users/stephenjohnson/Documents/DaisyExamples/libDaisy//build/libdaisy.a(stm32h7xx_hal_i2c.o)
                0x00000000080087a4                HAL_I2C_GetState
 .text.HAL_I2CEx_ConfigAnalogFilter
                0x00000000080087ac       0x54 /Users/stephenjohnson/Documents/DaisyExamples/libDaisy//build/libdaisy.a(stm32h7xx_hal_i2c_ex.o)
                0x00000000080087ac                HAL_I2CEx_ConfigAnalogFilter
 .text.HAL_I2CEx_ConfigDigitalFilter
                0x0000000008008800       0x58 /Users/stephenjohnson/Documents/DaisyExamples/libDaisy//build/libdaisy.a(stm32h7xx_hal_i2c_ex.o)
                0x0000000008008800                HAL_I2CEx_ConfigDigitalFilter
 .text.HAL_PCD_IRQHandler
                0x0000000008008858      0x69c /Users/stephenjohnson/Documents/DaisyExamples/libDaisy//build/libdaisy.a(stm32h7xx_hal_pcd.o)
                0x0000000008008858                HAL_PCD_IRQHandler
 .text.HAL_PCD_SetAddress
                0x0000000008008ef4       0x2c /Users/stephenjohnson/Documents/DaisyExamples/libDaisy//build/libdaisy.a(stm32h7xx_hal_pcd.o)
                0x0000000008008ef4                HAL_PCD_SetAddress
 .text.HAL_PCD_EP_Open
                0x0000000008008f20       0x7c /Users/stephenjohnson/Documents/DaisyExamples/libDaisy//build/libdaisy.a(stm32h7xx_hal_pcd.o)
                0x0000000008008f20                HAL_PCD_EP_Open
 .text.HAL_PCD_EP_Receive
                0x0000000008008f9c       0x50 /Users/stephenjohnson/Documents/DaisyExamples/libDaisy//build/libdaisy.a(stm32h7xx_hal_pcd.o)
                0x0000000008008f9c                HAL_PCD_EP_Receive
 .text.HAL_PCD_EP_Transmit
                0x0000000008008fec       0x50 /Users/stephenjohnson/Documents/DaisyExamples/libDaisy//build/libdaisy.a(stm32h7xx_hal_pcd.o)
                0x0000000008008fec                HAL_PCD_EP_Transmit
 .text.HAL_PCD_EP_SetStall
                0x000000000800903c       0x88 /Users/stephenjohnson/Documents/DaisyExamples/libDaisy//build/libdaisy.a(stm32h7xx_hal_pcd.o)
                0x000000000800903c                HAL_PCD_EP_SetStall
 .text.HAL_PCD_EP_ClrStall
                0x00000000080090c4       0x78 /Users/stephenjohnson/Documents/DaisyExamples/libDaisy//build/libdaisy.a(stm32h7xx_hal_pcd.o)
                0x00000000080090c4                HAL_PCD_EP_ClrStall
 .text.HAL_PCDEx_LPM_Callback
                0x000000000800913c        0x4 /Users/stephenjohnson/Documents/DaisyExamples/libDaisy//build/libdaisy.a(stm32h7xx_hal_pcd_ex.o)
                0x000000000800913c                HAL_PCDEx_LPM_Callback
 .text.HAL_PWREx_ConfigSupply
                0x0000000008009140       0x4c /Users/stephenjohnson/Documents/DaisyExamples/libDaisy//build/libdaisy.a(stm32h7xx_hal_pwr_ex.o)
                0x0000000008009140                HAL_PWREx_ConfigSupply
 .text.HAL_PWREx_EnableUSBVoltageDetector
                0x000000000800918c       0x10 /Users/stephenjohnson/Documents/DaisyExamples/libDaisy//build/libdaisy.a(stm32h7xx_hal_pwr_ex.o)
                0x000000000800918c                HAL_PWREx_EnableUSBVoltageDetector
 .text.QSPI_Config
                0x000000000800919c      0x174 /Users/stephenjohnson/Documents/DaisyExamples/libDaisy//build/libdaisy.a(stm32h7xx_hal_qspi.o)
 .text.HAL_QSPI_Init
                0x0000000008009310       0xd8 /Users/stephenjohnson/Documents/DaisyExamples/libDaisy//build/libdaisy.a(stm32h7xx_hal_qspi.o)
                0x0000000008009310                HAL_QSPI_Init
 .text.HAL_QSPI_DeInit
                0x00000000080093e8       0x3c /Users/stephenjohnson/Documents/DaisyExamples/libDaisy//build/libdaisy.a(stm32h7xx_hal_qspi.o)
                0x00000000080093e8                HAL_QSPI_DeInit
 .text.HAL_QSPI_Command
                0x0000000008009424       0xd4 /Users/stephenjohnson/Documents/DaisyExamples/libDaisy//build/libdaisy.a(stm32h7xx_hal_qspi.o)
                0x0000000008009424                HAL_QSPI_Command
 .text.HAL_QSPI_Transmit
                0x00000000080094f8       0xfc /Users/stephenjohnson/Documents/DaisyExamples/libDaisy//build/libdaisy.a(stm32h7xx_hal_qspi.o)
                0x00000000080094f8                HAL_QSPI_Transmit
 .text.HAL_QSPI_Receive
                0x00000000080095f4      0x108 /Users/stephenjohnson/Documents/DaisyExamples/libDaisy//build/libdaisy.a(stm32h7xx_hal_qspi.o)
                0x00000000080095f4                HAL_QSPI_Receive
 .text.HAL_QSPI_AutoPolling
                0x00000000080096fc       0xf0 /Users/stephenjohnson/Documents/DaisyExamples/libDaisy//build/libdaisy.a(stm32h7xx_hal_qspi.o)
                0x00000000080096fc                HAL_QSPI_AutoPolling
 .text.HAL_QSPI_MemoryMapped
                0x00000000080097ec       0xc0 /Users/stephenjohnson/Documents/DaisyExamples/libDaisy//build/libdaisy.a(stm32h7xx_hal_qspi.o)
                0x00000000080097ec                HAL_QSPI_MemoryMapped
 .text.HAL_QSPI_ErrorCallback
                0x00000000080098ac        0x4 /Users/stephenjohnson/Documents/DaisyExamples/libDaisy//build/libdaisy.a(stm32h7xx_hal_qspi.o)
                0x00000000080098ac                HAL_QSPI_ErrorCallback
 .text.QSPI_DMAAbortCplt
                0x00000000080098b0       0x38 /Users/stephenjohnson/Documents/DaisyExamples/libDaisy//build/libdaisy.a(stm32h7xx_hal_qspi.o)
 .text.HAL_QSPI_AbortCpltCallback
                0x00000000080098e8        0x4 /Users/stephenjohnson/Documents/DaisyExamples/libDaisy//build/libdaisy.a(stm32h7xx_hal_qspi.o)
                0x00000000080098e8                HAL_QSPI_AbortCpltCallback
 .text.HAL_QSPI_CmdCpltCallback
                0x00000000080098ec        0x4 /Users/stephenjohnson/Documents/DaisyExamples/libDaisy//build/libdaisy.a(stm32h7xx_hal_qspi.o)
                0x00000000080098ec                HAL_QSPI_CmdCpltCallback
 .text.HAL_QSPI_RxCpltCallback
                0x00000000080098f0        0x4 /Users/stephenjohnson/Documents/DaisyExamples/libDaisy//build/libdaisy.a(stm32h7xx_hal_qspi.o)
                0x00000000080098f0                HAL_QSPI_RxCpltCallback
 .text.HAL_QSPI_TxCpltCallback
                0x00000000080098f4        0x4 /Users/stephenjohnson/Documents/DaisyExamples/libDaisy//build/libdaisy.a(stm32h7xx_hal_qspi.o)
                0x00000000080098f4                HAL_QSPI_TxCpltCallback
 .text.HAL_QSPI_FifoThresholdCallback
                0x00000000080098f8        0x4 /Users/stephenjohnson/Documents/DaisyExamples/libDaisy//build/libdaisy.a(stm32h7xx_hal_qspi.o)
                0x00000000080098f8                HAL_QSPI_FifoThresholdCallback
 .text.HAL_QSPI_StatusMatchCallback
                0x00000000080098fc        0x4 /Users/stephenjohnson/Documents/DaisyExamples/libDaisy//build/libdaisy.a(stm32h7xx_hal_qspi.o)
                0x00000000080098fc                HAL_QSPI_StatusMatchCallback
 .text.HAL_QSPI_TimeOutCallback
                0x0000000008009900        0x4 /Users/stephenjohnson/Documents/DaisyExamples/libDaisy//build/libdaisy.a(stm32h7xx_hal_qspi.o)
                0x0000000008009900                HAL_QSPI_TimeOutCallback
 .text.HAL_QSPI_IRQHandler
                0x0000000008009904      0x210 /Users/stephenjohnson/Documents/DaisyExamples/libDaisy//build/libdaisy.a(stm32h7xx_hal_qspi.o)
                0x0000000008009904                HAL_QSPI_IRQHandler
 .text.HAL_RCC_OscConfig
                0x0000000008009b14      0x51c /Users/stephenjohnson/Documents/DaisyExamples/libDaisy//build/libdaisy.a(stm32h7xx_hal_rcc.o)
                0x0000000008009b14                HAL_RCC_OscConfig
 .text.HAL_RCC_GetSysClockFreq
                0x000000000800a030      0x140 /Users/stephenjohnson/Documents/DaisyExamples/libDaisy//build/libdaisy.a(stm32h7xx_hal_rcc.o)
                0x000000000800a030                HAL_RCC_GetSysClockFreq
 .text.HAL_RCC_ClockConfig
                0x000000000800a170      0x234 /Users/stephenjohnson/Documents/DaisyExamples/libDaisy//build/libdaisy.a(stm32h7xx_hal_rcc.o)
                0x000000000800a170                HAL_RCC_ClockConfig
 .text.HAL_RCC_GetHCLKFreq
                0x000000000800a3a4       0x2c /Users/stephenjohnson/Documents/DaisyExamples/libDaisy//build/libdaisy.a(stm32h7xx_hal_rcc.o)
                0x000000000800a3a4                HAL_RCC_GetHCLKFreq
 .text.HAL_RCC_GetPCLK1Freq
                0x000000000800a3d0       0x38 /Users/stephenjohnson/Documents/DaisyExamples/libDaisy//build/libdaisy.a(stm32h7xx_hal_rcc.o)
                0x000000000800a3d0                HAL_RCC_GetPCLK1Freq
 .text.RCCEx_PLL2_Config
                0x000000000800a408       0xf4 /Users/stephenjohnson/Documents/DaisyExamples/libDaisy//build/libdaisy.a(stm32h7xx_hal_rcc_ex.o)
 .text.RCCEx_PLL3_Config
                0x000000000800a4fc       0xf4 /Users/stephenjohnson/Documents/DaisyExamples/libDaisy//build/libdaisy.a(stm32h7xx_hal_rcc_ex.o)
 .text.HAL_RCCEx_PeriphCLKConfig
                0x000000000800a5f0      0xa7c /Users/stephenjohnson/Documents/DaisyExamples/libDaisy//build/libdaisy.a(stm32h7xx_hal_rcc_ex.o)
                0x000000000800a5f0                HAL_RCCEx_PeriphCLKConfig
 .text.HAL_RCCEx_GetPLL2ClockFreq
                0x000000000800b06c      0x17c /Users/stephenjohnson/Documents/DaisyExamples/libDaisy//build/libdaisy.a(stm32h7xx_hal_rcc_ex.o)
                0x000000000800b06c                HAL_RCCEx_GetPLL2ClockFreq
 .text.HAL_RCCEx_GetPLL3ClockFreq
                0x000000000800b1e8      0x17c /Users/stephenjohnson/Documents/DaisyExamples/libDaisy//build/libdaisy.a(stm32h7xx_hal_rcc_ex.o)
                0x000000000800b1e8                HAL_RCCEx_GetPLL3ClockFreq
 .text.HAL_RCCEx_GetPLL1ClockFreq
                0x000000000800b364      0x17c /Users/stephenjohnson/Documents/DaisyExamples/libDaisy//build/libdaisy.a(stm32h7xx_hal_rcc_ex.o)
                0x000000000800b364                HAL_RCCEx_GetPLL1ClockFreq
 .text.HAL_RCCEx_GetPeriphCLKFreq
                0x000000000800b4e0      0x198 /Users/stephenjohnson/Documents/DaisyExamples/libDaisy//build/libdaisy.a(stm32h7xx_hal_rcc_ex.o)
                0x000000000800b4e0                HAL_RCCEx_GetPeriphCLKFreq
 .text.HAL_RCCEx_GetD1SysClockFreq
                0x000000000800b678       0x2c /Users/stephenjohnson/Documents/DaisyExamples/libDaisy//build/libdaisy.a(stm32h7xx_hal_rcc_ex.o)
                0x000000000800b678                HAL_RCCEx_GetD1SysClockFreq
 .text.HAL_SAI_Init.part.0
                0x000000000800b6a4      0x348 /Users/stephenjohnson/Documents/DaisyExamples/libDaisy//build/libdaisy.a(stm32h7xx_hal_sai.o)
 .text.HAL_SAI_InitProtocol
                0x000000000800b9ec      0x178 /Users/stephenjohnson/Documents/DaisyExamples/libDaisy//build/libdaisy.a(stm32h7xx_hal_sai.o)
                0x000000000800b9ec                HAL_SAI_InitProtocol
 .text.HAL_SAI_Transmit_DMA
                0x000000000800bb64      0x124 /Users/stephenjohnson/Documents/DaisyExamples/libDaisy//build/libdaisy.a(stm32h7xx_hal_sai.o)
                0x000000000800bb64                HAL_SAI_Transmit_DMA
 .text.HAL_SAI_Receive_DMA
                0x000000000800bc88       0xd0 /Users/stephenjohnson/Documents/DaisyExamples/libDaisy//build/libdaisy.a(stm32h7xx_hal_sai.o)
                0x000000000800bc88                HAL_SAI_Receive_DMA
 .text.HAL_SAI_TxCpltCallback
                0x000000000800bd58        0x4 /Users/stephenjohnson/Documents/DaisyExamples/libDaisy//build/libdaisy.a(stm32h7xx_hal_sai.o)
                0x000000000800bd58                HAL_SAI_TxCpltCallback
 .text.SAI_DMATxCplt
                0x000000000800bd5c       0x64 /Users/stephenjohnson/Documents/DaisyExamples/libDaisy//build/libdaisy.a(stm32h7xx_hal_sai.o)
 .text.HAL_SAI_TxHalfCpltCallback
                0x000000000800bdc0        0x4 /Users/stephenjohnson/Documents/DaisyExamples/libDaisy//build/libdaisy.a(stm32h7xx_hal_sai.o)
                0x000000000800bdc0                HAL_SAI_TxHalfCpltCallback
 .text.SAI_DMATxHalfCplt
                0x000000000800bdc4        0xc /Users/stephenjohnson/Documents/DaisyExamples/libDaisy//build/libdaisy.a(stm32h7xx_hal_sai.o)
 .text.SAI_DMARxCplt
                0x000000000800bdd0       0x64 /Users/stephenjohnson/Documents/DaisyExamples/libDaisy//build/libdaisy.a(stm32h7xx_hal_sai.o)
 .text.SAI_DMARxHalfCplt
                0x000000000800be34        0xc /Users/stephenjohnson/Documents/DaisyExamples/libDaisy//build/libdaisy.a(stm32h7xx_hal_sai.o)
 .text.HAL_SAI_ErrorCallback
                0x000000000800be40        0x4 /Users/stephenjohnson/Documents/DaisyExamples/libDaisy//build/libdaisy.a(stm32h7xx_hal_sai.o)
                0x000000000800be40                HAL_SAI_ErrorCallback
 .text.SAI_DMAError
                0x000000000800be44       0x6c /Users/stephenjohnson/Documents/DaisyExamples/libDaisy//build/libdaisy.a(stm32h7xx_hal_sai.o)
 .text.HAL_SDRAM_Init
                0x000000000800beb0       0x54 /Users/stephenjohnson/Documents/DaisyExamples/libDaisy//build/libdaisy.a(stm32h7xx_hal_sdram.o)
                0x000000000800beb0                HAL_SDRAM_Init
 .text.HAL_SDRAM_SendCommand
                0x000000000800bf04       0x40 /Users/stephenjohnson/Documents/DaisyExamples/libDaisy//build/libdaisy.a(stm32h7xx_hal_sdram.o)
                0x000000000800bf04                HAL_SDRAM_SendCommand
 .text.HAL_SDRAM_ProgramRefreshRate
                0x000000000800bf44       0x30 /Users/stephenjohnson/Documents/DaisyExamples/libDaisy//build/libdaisy.a(stm32h7xx_hal_sdram.o)
                0x000000000800bf44                HAL_SDRAM_ProgramRefreshRate
 .text.FMC_SDRAM_Init
                0x000000000800bf74       0x7c /Users/stephenjohnson/Documents/DaisyExamples/libDaisy//build/libdaisy.a(stm32h7xx_ll_fmc.o)
                0x000000000800bf74                FMC_SDRAM_Init
 .text.FMC_SDRAM_Timing_Init
                0x000000000800bff0       0x98 /Users/stephenjohnson/Documents/DaisyExamples/libDaisy//build/libdaisy.a(stm32h7xx_ll_fmc.o)
                0x000000000800bff0                FMC_SDRAM_Timing_Init
 .text.FMC_SDRAM_SendCommand
                0x000000000800c088       0x28 /Users/stephenjohnson/Documents/DaisyExamples/libDaisy//build/libdaisy.a(stm32h7xx_ll_fmc.o)
                0x000000000800c088                FMC_SDRAM_SendCommand
 .text.FMC_SDRAM_ProgramRefreshRate
                0x000000000800c0b0       0x1c /Users/stephenjohnson/Documents/DaisyExamples/libDaisy//build/libdaisy.a(stm32h7xx_ll_fmc.o)
                0x000000000800c0b0                FMC_SDRAM_ProgramRefreshRate
 .text.USB_SetTurnaroundTime
                0x000000000800c0cc       0xf4 /Users/stephenjohnson/Documents/DaisyExamples/libDaisy//build/libdaisy.a(stm32h7xx_ll_usb.o)
                0x000000000800c0cc                USB_SetTurnaroundTime
 .text.USB_FlushTxFifo
                0x000000000800c1c0       0x24 /Users/stephenjohnson/Documents/DaisyExamples/libDaisy//build/libdaisy.a(stm32h7xx_ll_usb.o)
                0x000000000800c1c0                USB_FlushTxFifo
 .text.USB_GetDevSpeed
                0x000000000800c1e4       0x18 /Users/stephenjohnson/Documents/DaisyExamples/libDaisy//build/libdaisy.a(stm32h7xx_ll_usb.o)
                0x000000000800c1e4                USB_GetDevSpeed
 .text.USB_ActivateEndpoint
                0x000000000800c1fc       0x90 /Users/stephenjohnson/Documents/DaisyExamples/libDaisy//build/libdaisy.a(stm32h7xx_ll_usb.o)
                0x000000000800c1fc                USB_ActivateEndpoint
 .text.USB_EPStartXfer
                0x000000000800c28c      0x230 /Users/stephenjohnson/Documents/DaisyExamples/libDaisy//build/libdaisy.a(stm32h7xx_ll_usb.o)
                0x000000000800c28c                USB_EPStartXfer
 .text.USB_EP0StartXfer
                0x000000000800c4bc      0x174 /Users/stephenjohnson/Documents/DaisyExamples/libDaisy//build/libdaisy.a(stm32h7xx_ll_usb.o)
                0x000000000800c4bc                USB_EP0StartXfer
 .text.USB_WritePacket
                0x000000000800c630       0x2c /Users/stephenjohnson/Documents/DaisyExamples/libDaisy//build/libdaisy.a(stm32h7xx_ll_usb.o)
                0x000000000800c630                USB_WritePacket
 .text.USB_ReadPacket
                0x000000000800c65c       0x20 /Users/stephenjohnson/Documents/DaisyExamples/libDaisy//build/libdaisy.a(stm32h7xx_ll_usb.o)
                0x000000000800c65c                USB_ReadPacket
 .text.USB_EPSetStall
                0x000000000800c67c       0x68 /Users/stephenjohnson/Documents/DaisyExamples/libDaisy//build/libdaisy.a(stm32h7xx_ll_usb.o)
                0x000000000800c67c                USB_EPSetStall
 .text.USB_EPClearStall
                0x000000000800c6e4       0x58 /Users/stephenjohnson/Documents/DaisyExamples/libDaisy//build/libdaisy.a(stm32h7xx_ll_usb.o)
                0x000000000800c6e4                USB_EPClearStall
 .text.USB_SetDevAddress
                0x000000000800c73c       0x24 /Users/stephenjohnson/Documents/DaisyExamples/libDaisy//build/libdaisy.a(stm32h7xx_ll_usb.o)
                0x000000000800c73c                USB_SetDevAddress
 .text.USB_ReadInterrupts
                0x000000000800c760        0x8 /Users/stephenjohnson/Documents/DaisyExamples/libDaisy//build/libdaisy.a(stm32h7xx_ll_usb.o)
                0x000000000800c760                USB_ReadInterrupts
 .text.USB_ReadDevAllOutEpInterrupt
                0x000000000800c768       0x10 /Users/stephenjohnson/Documents/DaisyExamples/libDaisy//build/libdaisy.a(stm32h7xx_ll_usb.o)
                0x000000000800c768                USB_ReadDevAllOutEpInterrupt
 .text.USB_ReadDevAllInEpInterrupt
                0x000000000800c778       0x10 /Users/stephenjohnson/Documents/DaisyExamples/libDaisy//build/libdaisy.a(stm32h7xx_ll_usb.o)
                0x000000000800c778                USB_ReadDevAllInEpInterrupt
 .text.USB_ReadDevOutEPInterrupt
                0x000000000800c788       0x14 /Users/stephenjohnson/Documents/DaisyExamples/libDaisy//build/libdaisy.a(stm32h7xx_ll_usb.o)
                0x000000000800c788                USB_ReadDevOutEPInterrupt
 .text.USB_ReadDevInEPInterrupt
                0x000000000800c79c       0x20 /Users/stephenjohnson/Documents/DaisyExamples/libDaisy//build/libdaisy.a(stm32h7xx_ll_usb.o)
                0x000000000800c79c                USB_ReadDevInEPInterrupt
 .text.USB_GetMode
                0x000000000800c7bc        0x8 /Users/stephenjohnson/Documents/DaisyExamples/libDaisy//build/libdaisy.a(stm32h7xx_ll_usb.o)
                0x000000000800c7bc                USB_GetMode
 .text.USB_ActivateSetup
                0x000000000800c7c4       0x38 /Users/stephenjohnson/Documents/DaisyExamples/libDaisy//build/libdaisy.a(stm32h7xx_ll_usb.o)
                0x000000000800c7c4                USB_ActivateSetup
 .text.USB_EP0_OutStart
                0x000000000800c7fc       0x58 /Users/stephenjohnson/Documents/DaisyExamples/libDaisy//build/libdaisy.a(stm32h7xx_ll_usb.o)
                0x000000000800c7fc                USB_EP0_OutStart
 .text.USB_InitFSLSPClkSel
                0x000000000800c854       0x44 /Users/stephenjohnson/Documents/DaisyExamples/libDaisy//build/libdaisy.a(stm32h7xx_ll_usb.o)
                0x000000000800c854                USB_InitFSLSPClkSel
 .text.USB_HC_ReadInterrupt
                0x000000000800c898        0x8 /Users/stephenjohnson/Documents/DaisyExamples/libDaisy//build/libdaisy.a(stm32h7xx_ll_usb.o)
                0x000000000800c898                USB_HC_ReadInterrupt
 .text.USB_HC_Halt
                0x000000000800c8a0       0xb4 /Users/stephenjohnson/Documents/DaisyExamples/libDaisy//build/libdaisy.a(stm32h7xx_ll_usb.o)
                0x000000000800c8a0                USB_HC_Halt
 .text.USB_StopHost
                0x000000000800c954      0x184 /Users/stephenjohnson/Documents/DaisyExamples/libDaisy//build/libdaisy.a(stm32h7xx_ll_usb.o)
                0x000000000800c954                USB_StopHost
 .text.USBD_SetClassConfig
                0x000000000800cad8       0x14 /Users/stephenjohnson/Documents/DaisyExamples/libDaisy//build/libdaisy.a(usbd_core.o)
                0x000000000800cad8                USBD_SetClassConfig
 .text.USBD_ClrClassConfig
                0x000000000800caec       0x10 /Users/stephenjohnson/Documents/DaisyExamples/libDaisy//build/libdaisy.a(usbd_core.o)
                0x000000000800caec                USBD_ClrClassConfig
 .text.USBD_LL_SetupStage
                0x000000000800cafc       0x5c /Users/stephenjohnson/Documents/DaisyExamples/libDaisy//build/libdaisy.a(usbd_core.o)
                0x000000000800cafc                USBD_LL_SetupStage
 .text.USBD_LL_DataOutStage
                0x000000000800cb58       0x7c /Users/stephenjohnson/Documents/DaisyExamples/libDaisy//build/libdaisy.a(usbd_core.o)
                0x000000000800cb58                USBD_LL_DataOutStage
 .text.USBD_LL_DataInStage
                0x000000000800cbd4       0xcc /Users/stephenjohnson/Documents/DaisyExamples/libDaisy//build/libdaisy.a(usbd_core.o)
                0x000000000800cbd4                USBD_LL_DataInStage
 .text.USBD_LL_Reset
                0x000000000800cca0       0x50 /Users/stephenjohnson/Documents/DaisyExamples/libDaisy//build/libdaisy.a(usbd_core.o)
                0x000000000800cca0                USBD_LL_Reset
 .text.USBD_LL_SetSpeed
                0x000000000800ccf0        0x8 /Users/stephenjohnson/Documents/DaisyExamples/libDaisy//build/libdaisy.a(usbd_core.o)
                0x000000000800ccf0                USBD_LL_SetSpeed
 .text.USBD_LL_Suspend
                0x000000000800ccf8       0x14 /Users/stephenjohnson/Documents/DaisyExamples/libDaisy//build/libdaisy.a(usbd_core.o)
                0x000000000800ccf8                USBD_LL_Suspend
 .text.USBD_LL_Resume
                0x000000000800cd0c       0x10 /Users/stephenjohnson/Documents/DaisyExamples/libDaisy//build/libdaisy.a(usbd_core.o)
                0x000000000800cd0c                USBD_LL_Resume
 .text.USBD_LL_SOF
                0x000000000800cd1c       0x1c /Users/stephenjohnson/Documents/DaisyExamples/libDaisy//build/libdaisy.a(usbd_core.o)
                0x000000000800cd1c                USBD_LL_SOF
 .text.USBD_LL_IsoINIncomplete
                0x000000000800cd38        0x4 /Users/stephenjohnson/Documents/DaisyExamples/libDaisy//build/libdaisy.a(usbd_core.o)
                0x000000000800cd38                USBD_LL_IsoINIncomplete
 .text.USBD_LL_IsoOUTIncomplete
                0x000000000800cd3c        0x4 /Users/stephenjohnson/Documents/DaisyExamples/libDaisy//build/libdaisy.a(usbd_core.o)
                0x000000000800cd3c                USBD_LL_IsoOUTIncomplete
 .text.USBD_LL_DevConnected
                0x000000000800cd40        0x4 /Users/stephenjohnson/Documents/DaisyExamples/libDaisy//build/libdaisy.a(usbd_core.o)
                0x000000000800cd40                USBD_LL_DevConnected
 .text.USBD_LL_DevDisconnected
                0x000000000800cd44       0x18 /Users/stephenjohnson/Documents/DaisyExamples/libDaisy//build/libdaisy.a(usbd_core.o)
                0x000000000800cd44                USBD_LL_DevDisconnected
 .text.USBD_StdDevReq
                0x000000000800cd5c      0x304 /Users/stephenjohnson/Documents/DaisyExamples/libDaisy//build/libdaisy.a(usbd_ctlreq.o)
                0x000000000800cd5c                USBD_StdDevReq
 .text.USBD_StdItfReq
                0x000000000800d060       0x68 /Users/stephenjohnson/Documents/DaisyExamples/libDaisy//build/libdaisy.a(usbd_ctlreq.o)
                0x000000000800d060                USBD_StdItfReq
 .text.USBD_StdEPReq
                0x000000000800d0c8      0x13c /Users/stephenjohnson/Documents/DaisyExamples/libDaisy//build/libdaisy.a(usbd_ctlreq.o)
                0x000000000800d0c8                USBD_StdEPReq
 .text.USBD_ParseSetupRequest
                0x000000000800d204       0x28 /Users/stephenjohnson/Documents/DaisyExamples/libDaisy//build/libdaisy.a(usbd_ctlreq.o)
                0x000000000800d204                USBD_ParseSetupRequest
 .text.USBD_CtlSendData
                0x000000000800d22c       0x1c /Users/stephenjohnson/Documents/DaisyExamples/libDaisy//build/libdaisy.a(usbd_ioreq.o)
                0x000000000800d22c                USBD_CtlSendData
 .text.USBD_CtlContinueSendData
                0x000000000800d248       0x14 /Users/stephenjohnson/Documents/DaisyExamples/libDaisy//build/libdaisy.a(usbd_ioreq.o)
                0x000000000800d248                USBD_CtlContinueSendData
 .text.USBD_CtlContinueRx
                0x000000000800d25c       0x14 /Users/stephenjohnson/Documents/DaisyExamples/libDaisy//build/libdaisy.a(usbd_ioreq.o)
                0x000000000800d25c                USBD_CtlContinueRx
 .text.USBD_CtlSendStatus
                0x000000000800d270       0x18 /Users/stephenjohnson/Documents/DaisyExamples/libDaisy//build/libdaisy.a(usbd_ioreq.o)
                0x000000000800d270                USBD_CtlSendStatus
 .text.USBD_CtlReceiveStatus
                0x000000000800d288       0x18 /Users/stephenjohnson/Documents/DaisyExamples/libDaisy//build/libdaisy.a(usbd_ioreq.o)
                0x000000000800d288                USBD_CtlReceiveStatus
 .text.USBH_LL_IncTimer
                0x000000000800d2a0       0x20 /Users/stephenjohnson/Documents/DaisyExamples/libDaisy//build/libdaisy.a(usbh_core.o)
                0x000000000800d2a0                USBH_LL_IncTimer
 .text.USBH_LL_PortEnabled
                0x000000000800d2c0        0x8 /Users/stephenjohnson/Documents/DaisyExamples/libDaisy//build/libdaisy.a(usbh_core.o)
                0x000000000800d2c0                USBH_LL_PortEnabled
 .text.USBH_LL_PortDisabled
                0x000000000800d2c8        0x8 /Users/stephenjohnson/Documents/DaisyExamples/libDaisy//build/libdaisy.a(usbh_core.o)
                0x000000000800d2c8                USBH_LL_PortDisabled
 .text.USBH_LL_Connect
                0x000000000800d2d0       0x18 /Users/stephenjohnson/Documents/DaisyExamples/libDaisy//build/libdaisy.a(usbh_core.o)
                0x000000000800d2d0                USBH_LL_Connect
 .text.USBH_LL_Disconnect
                0x000000000800d2e8       0x2c /Users/stephenjohnson/Documents/DaisyExamples/libDaisy//build/libdaisy.a(usbh_core.o)
                0x000000000800d2e8                USBH_LL_Disconnect
 .text.USBH_FreePipe
                0x000000000800d314       0x18 /Users/stephenjohnson/Documents/DaisyExamples/libDaisy//build/libdaisy.a(usbh_pipes.o)
                0x000000000800d314                USBH_FreePipe
 .text._ZN5daisy6Random4InitEv
                0x000000000800d32c       0x3c /Users/stephenjohnson/Documents/DaisyExamples/libDaisy//build/libdaisy.a(rng.o)
                0x000000000800d32c                daisy::Random::Init()
 .text._ZN5daisy9SpiHandle4Impl7InitDmaEv
                0x000000000800d368       0xec /Users/stephenjohnson/Documents/DaisyExamples/libDaisy//build/libdaisy.a(spi.o)
                0x000000000800d368                daisy::SpiHandle::Impl::InitDma()
 .text._ZN5daisy9SpiHandle4Impl10StartDmaTxEPhjPFvPvEPFvS3_NS0_6ResultEES3_
                0x000000000800d454       0xc8 /Users/stephenjohnson/Documents/DaisyExamples/libDaisy//build/libdaisy.a(spi.o)
                0x000000000800d454                daisy::SpiHandle::Impl::StartDmaTx(unsigned char*, unsigned int, void (*)(void*), void (*)(void*, daisy::SpiHandle::Result), void*)
 .text._ZN5daisy9SpiHandle4Impl10StartDmaRxEPhjPFvPvEPFvS3_NS0_6ResultEES3_
                0x000000000800d51c       0xc8 /Users/stephenjohnson/Documents/DaisyExamples/libDaisy//build/libdaisy.a(spi.o)
                0x000000000800d51c                daisy::SpiHandle::Impl::StartDmaRx(unsigned char*, unsigned int, void (*)(void*), void (*)(void*, daisy::SpiHandle::Result), void*)
 .text._ZN5daisy9SpiHandle4Impl12StartDmaRxTxEPhS2_jPFvPvEPFvS3_NS0_6ResultEES3_
                0x000000000800d5e4       0xcc /Users/stephenjohnson/Documents/DaisyExamples/libDaisy//build/libdaisy.a(spi.o)
                0x000000000800d5e4                daisy::SpiHandle::Impl::StartDmaRxTx(unsigned char*, unsigned char*, unsigned int, void (*)(void*), void (*)(void*, daisy::SpiHandle::Result), void*)
 .text._ZN5daisy9SpiHandle4Impl8InitPinsEv
                0x000000000800d6b0      0x274 /Users/stephenjohnson/Documents/DaisyExamples/libDaisy//build/libdaisy.a(spi.o)
                0x000000000800d6b0                daisy::SpiHandle::Impl::InitPins()
 .text.HAL_SPI_MspInit
                0x000000000800d924      0x1a8 /Users/stephenjohnson/Documents/DaisyExamples/libDaisy//build/libdaisy.a(spi.o)
                0x000000000800d924                HAL_SPI_MspInit
 .text.dsy_spi_global_init
                0x000000000800dacc       0x80 /Users/stephenjohnson/Documents/DaisyExamples/libDaisy//build/libdaisy.a(spi.o)
                0x000000000800dacc                dsy_spi_global_init
 .text.SPI1_IRQHandler
                0x000000000800db4c        0xc /Users/stephenjohnson/Documents/DaisyExamples/libDaisy//build/libdaisy.a(spi.o)
                0x000000000800db4c                SPI1_IRQHandler
 .text.DMA2_Stream2_IRQHandler
                0x000000000800db58       0x34 /Users/stephenjohnson/Documents/DaisyExamples/libDaisy//build/libdaisy.a(spi.o)
                0x000000000800db58                DMA2_Stream2_IRQHandler
 .text.DMA2_Stream3_IRQHandler
                0x000000000800db8c       0x38 /Users/stephenjohnson/Documents/DaisyExamples/libDaisy//build/libdaisy.a(spi.o)
                0x000000000800db8c                DMA2_Stream3_IRQHandler
 .text.HAL_SPI_TxCpltCallback
                0x000000000800dbc4       0xc4 /Users/stephenjohnson/Documents/DaisyExamples/libDaisy//build/libdaisy.a(spi.o)
                0x000000000800dbc4                HAL_SPI_TxCpltCallback
 .text.HAL_SPI_RxCpltCallback
                0x000000000800dc88       0xc4 /Users/stephenjohnson/Documents/DaisyExamples/libDaisy//build/libdaisy.a(spi.o)
                0x000000000800dc88                HAL_SPI_RxCpltCallback
 .text.HAL_SPI_TxRxCpltCallback
                0x000000000800dd4c       0xc4 /Users/stephenjohnson/Documents/DaisyExamples/libDaisy//build/libdaisy.a(spi.o)
                0x000000000800dd4c                HAL_SPI_TxRxCpltCallback
 .text.HAL_SPI_ErrorCallback
                0x000000000800de10       0xc8 /Users/stephenjohnson/Documents/DaisyExamples/libDaisy//build/libdaisy.a(spi.o)
                0x000000000800de10                HAL_SPI_ErrorCallback
 .text.startup._GLOBAL__sub_I__Z19MapInstanceToHandleP11SPI_TypeDef
                0x000000000800ded8      0x1b0 /Users/stephenjohnson/Documents/DaisyExamples/libDaisy//build/libdaisy.a(spi.o)
 .text.HAL_TIM_Base_MspInit
                0x000000000800e088       0xcc /Users/stephenjohnson/Documents/DaisyExamples/libDaisy//build/libdaisy.a(tim.o)
                0x000000000800e088                HAL_TIM_Base_MspInit
 .text._ZN5daisy11TimerHandle4InitERKNS0_6ConfigE
                0x000000000800e154       0xc4 /Users/stephenjohnson/Documents/DaisyExamples/libDaisy//build/libdaisy.a(tim.o)
                0x000000000800e154                daisy::TimerHandle::Init(daisy::TimerHandle::Config const&)
 .text._ZN5daisy11TimerHandle5StartEv
                0x000000000800e218       0x14 /Users/stephenjohnson/Documents/DaisyExamples/libDaisy//build/libdaisy.a(tim.o)
                0x000000000800e218                daisy::TimerHandle::Start()
 .text.dsy_dma_init
                0x000000000800e22c       0xf0 /Users/stephenjohnson/Documents/DaisyExamples/libDaisy//build/libdaisy.a(dma.o)
                0x000000000800e22c                dsy_dma_init
 .text.HAL_MDMA_Abort_IT
                0x000000000800e31c       0x2c /Users/stephenjohnson/Documents/DaisyExamples/libDaisy//build/libdaisy.a(stm32h7xx_hal_mdma.o)
                0x000000000800e31c                HAL_MDMA_Abort_IT
 .text.SPI_CloseTransfer
                0x000000000800e348       0xb8 /Users/stephenjohnson/Documents/DaisyExamples/libDaisy//build/libdaisy.a(stm32h7xx_hal_spi.o)
 .text.HAL_SPI_Init
                0x000000000800e400      0x15c /Users/stephenjohnson/Documents/DaisyExamples/libDaisy//build/libdaisy.a(stm32h7xx_hal_spi.o)
                0x000000000800e400                HAL_SPI_Init
 .text.HAL_SPI_Transmit_DMA
                0x000000000800e55c      0x170 /Users/stephenjohnson/Documents/DaisyExamples/libDaisy//build/libdaisy.a(stm32h7xx_hal_spi.o)
                0x000000000800e55c                HAL_SPI_Transmit_DMA
 .text.HAL_SPI_TransmitReceive_DMA
                0x000000000800e6cc      0x218 /Users/stephenjohnson/Documents/DaisyExamples/libDaisy//build/libdaisy.a(stm32h7xx_hal_spi.o)
                0x000000000800e6cc                HAL_SPI_TransmitReceive_DMA
 .text.HAL_SPI_Receive_DMA
                0x000000000800e8e4      0x1b4 /Users/stephenjohnson/Documents/DaisyExamples/libDaisy//build/libdaisy.a(stm32h7xx_hal_spi.o)
                0x000000000800e8e4                HAL_SPI_Receive_DMA
 .text.SPI_DMATransmitCplt
                0x000000000800ea98       0x28 /Users/stephenjohnson/Documents/DaisyExamples/libDaisy//build/libdaisy.a(stm32h7xx_hal_spi.o)
 .text.SPI_DMAReceiveCplt
                0x000000000800eac0       0x28 /Users/stephenjohnson/Documents/DaisyExamples/libDaisy//build/libdaisy.a(stm32h7xx_hal_spi.o)
 .text.SPI_DMATransmitReceiveCplt
                0x000000000800eae8       0x28 /Users/stephenjohnson/Documents/DaisyExamples/libDaisy//build/libdaisy.a(stm32h7xx_hal_spi.o)
 .text.HAL_SPI_TxHalfCpltCallback
                0x000000000800eb10        0x4 /Users/stephenjohnson/Documents/DaisyExamples/libDaisy//build/libdaisy.a(stm32h7xx_hal_spi.o)
                0x000000000800eb10                HAL_SPI_TxHalfCpltCallback
 .text.SPI_DMAHalfTransmitCplt
                0x000000000800eb14        0xc /Users/stephenjohnson/Documents/DaisyExamples/libDaisy//build/libdaisy.a(stm32h7xx_hal_spi.o)
 .text.HAL_SPI_RxHalfCpltCallback
                0x000000000800eb20        0x4 /Users/stephenjohnson/Documents/DaisyExamples/libDaisy//build/libdaisy.a(stm32h7xx_hal_spi.o)
                0x000000000800eb20                HAL_SPI_RxHalfCpltCallback
 .text.SPI_DMAHalfReceiveCplt
                0x000000000800eb24        0xc /Users/stephenjohnson/Documents/DaisyExamples/libDaisy//build/libdaisy.a(stm32h7xx_hal_spi.o)
 .text.HAL_SPI_TxRxHalfCpltCallback
                0x000000000800eb30        0x4 /Users/stephenjohnson/Documents/DaisyExamples/libDaisy//build/libdaisy.a(stm32h7xx_hal_spi.o)
                0x000000000800eb30                HAL_SPI_TxRxHalfCpltCallback
 .text.SPI_DMAHalfTransmitReceiveCplt
                0x000000000800eb34        0xc /Users/stephenjohnson/Documents/DaisyExamples/libDaisy//build/libdaisy.a(stm32h7xx_hal_spi.o)
 .text.SPI_DMAError
                0x000000000800eb40       0xd8 /Users/stephenjohnson/Documents/DaisyExamples/libDaisy//build/libdaisy.a(stm32h7xx_hal_spi.o)
 .text.HAL_SPI_IRQHandler
                0x000000000800ec18      0x23c /Users/stephenjohnson/Documents/DaisyExamples/libDaisy//build/libdaisy.a(stm32h7xx_hal_spi.o)
                0x000000000800ec18                HAL_SPI_IRQHandler
 .text.SPI_DMAAbortOnError
                0x000000000800ee54       0x1c /Users/stephenjohnson/Documents/DaisyExamples/libDaisy//build/libdaisy.a(stm32h7xx_hal_spi.o)
 .text.HAL_SPI_GetState
                0x000000000800ee70        0x8 /Users/stephenjohnson/Documents/DaisyExamples/libDaisy//build/libdaisy.a(stm32h7xx_hal_spi.o)
                0x000000000800ee70                HAL_SPI_GetState
 .text.HAL_TIM_Base_Init
                0x000000000800ee78      0x140 /Users/stephenjohnson/Documents/DaisyExamples/libDaisy//build/libdaisy.a(stm32h7xx_hal_tim.o)
                0x000000000800ee78                HAL_TIM_Base_Init
 .text.HAL_TIM_Base_Start
                0x000000000800efb8       0x34 /Users/stephenjohnson/Documents/DaisyExamples/libDaisy//build/libdaisy.a(stm32h7xx_hal_tim.o)
                0x000000000800efb8                HAL_TIM_Base_Start
 .text.HAL_TIM_ConfigClockSource
                0x000000000800efec      0x17c /Users/stephenjohnson/Documents/DaisyExamples/libDaisy//build/libdaisy.a(stm32h7xx_hal_tim.o)
                0x000000000800efec                HAL_TIM_ConfigClockSource
 .text.HAL_TIMEx_MasterConfigSynchronization
                0x000000000800f168       0x64 /Users/stephenjohnson/Documents/DaisyExamples/libDaisy//build/libdaisy.a(stm32h7xx_hal_tim_ex.o)
                0x000000000800f168                HAL_TIMEx_MasterConfigSynchronization
 .text._ZN7daisysp9CrossFade7ProcessERfS1_
                0x000000000800f1cc       0xd4 /Users/stephenjohnson/Documents/DaisyExamples/DaisySP//build/libdaisysp.a(crossfade.o)
                0x000000000800f1cc                daisysp::CrossFade::Process(float&, float&)
 .text._ZN7daisysp4Tone4InitEf
                0x000000000800f2a0       0x1c /Users/stephenjohnson/Documents/DaisyExamples/DaisySP//build/libdaisysp.a(tone.o)
                0x000000000800f2a0                daisysp::Tone::Init(float)
 .text._ZN7daisysp4Tone7ProcessERf
                0x000000000800f2bc       0x20 /Users/stephenjohnson/Documents/DaisyExamples/DaisySP//build/libdaisysp.a(tone.o)
                0x000000000800f2bc                daisysp::Tone::Process(float&)
 .text._ZN7daisysp4Tone21CalculateCoefficientsEv
                0x000000000800f2dc       0x68 /Users/stephenjohnson/Documents/DaisyExamples/DaisySP//build/libdaisysp.a(tone.o)
                0x000000000800f2dc                daisysp::Tone::CalculateCoefficients()
 .text.__aeabi_atexit
                0x000000000800f344        0xa /Applications/ARM/bin/../lib/gcc/arm-none-eabi/10.3.1/../../../../arm-none-eabi/lib/thumb/v7e-m+dp/hard/libstdc++_nano.a(atexit_arm.o)
                0x000000000800f344                __aeabi_atexit
 .text.unlikely._ZSt17__throw_bad_allocv
                0x000000000800f34e        0x6 /Applications/ARM/bin/../lib/gcc/arm-none-eabi/10.3.1/../../../../arm-none-eabi/lib/thumb/v7e-m+dp/hard/libstdc++_nano.a(functexcept.o)
                0x000000000800f34e                std::__throw_bad_alloc()
 .text.unlikely._ZSt19__throw_logic_errorPKc
                0x000000000800f354        0x6 /Applications/ARM/bin/../lib/gcc/arm-none-eabi/10.3.1/../../../../arm-none-eabi/lib/thumb/v7e-m+dp/hard/libstdc++_nano.a(functexcept.o)
                0x000000000800f354                std::__throw_logic_error(char const*)
 .text.unlikely._ZSt20__throw_length_errorPKc
                0x000000000800f35a        0x6 /Applications/ARM/bin/../lib/gcc/arm-none-eabi/10.3.1/../../../../arm-none-eabi/lib/thumb/v7e-m+dp/hard/libstdc++_nano.a(functexcept.o)
                0x000000000800f35a                std::__throw_length_error(char const*)
 .text._ZNSt11char_traitsIcE4copyEPcPKcj.isra.0